<!doctype html public "-//w3c//dtd html 4.0 transitional//en">
<html><head>
<title>Static Call Graph - [.\Objects\ble_app_simple_cmsisos2_freertos.axf]</title></head>
<body><HR>
<H1>Static Call Graph for image .\Objects\ble_app_simple_cmsisos2_freertos.axf</H1><HR>
<BR><P>#&#060CALLGRAPH&#062# ARM Linker, 6230001: Last Updated: Mon Aug  4 09:15:21 2025
<BR><P>
<H3>Maximum Stack Usage =        960 bytes + Unknown(Cycles, Untraceable Function Pointers)</H3><H3>
Call chain for Maximum Stack Depth:</H3>
shell_evt_handler &rArr; shell_main &rArr; list_commands &rArr; cs_printf &rArr; _vsnprintf &rArr; _ftoa &rArr; _etoa &rArr;  _ftoa (Cycle)
<P>
<H3>
Mutually Recursive functions
</H3> <LI><a href="#[209]">drv_pmu_select_32k</a>&nbsp;&nbsp;&nbsp;&rArr;&nbsp;&nbsp;&nbsp;<a href="#[209]">drv_pmu_select_32k</a><BR>
 <LI><a href="#[a0]">drv_rcc_clock_get</a>&nbsp;&nbsp;&nbsp;&rArr;&nbsp;&nbsp;&nbsp;<a href="#[a0]">drv_rcc_clock_get</a><BR>
 <LI><a href="#[5b4]">drv_adc_init</a>&nbsp;&nbsp;&nbsp;&rArr;&nbsp;&nbsp;&nbsp;<a href="#[20a]">drv_adc_control</a><BR>
 <LI><a href="#[20a]">drv_adc_control</a>&nbsp;&nbsp;&nbsp;&rArr;&nbsp;&nbsp;&nbsp;<a href="#[20a]">drv_adc_control</a><BR>
 <LI><a href="#[34b]">drv_cpft_customer_check</a>&nbsp;&nbsp;&nbsp;&rArr;&nbsp;&nbsp;&nbsp;<a href="#[34c]">drv_cpft_init</a><BR>
 <LI><a href="#[10]">BT_WAKEUP_IRQHandler</a>&nbsp;&nbsp;&nbsp;&rArr;&nbsp;&nbsp;&nbsp;<a href="#[10]">BT_WAKEUP_IRQHandler</a><BR>
 <LI><a href="#[2a]">CC_INTR_IRQHandler</a>&nbsp;&nbsp;&nbsp;&rArr;&nbsp;&nbsp;&nbsp;<a href="#[2a]">CC_INTR_IRQHandler</a><BR>
 <LI><a href="#[27]">CRY32M_RDY_IRQHandler</a>&nbsp;&nbsp;&nbsp;&rArr;&nbsp;&nbsp;&nbsp;<a href="#[27]">CRY32M_RDY_IRQHandler</a><BR>
 <LI><a href="#[19]">EFUSE_IRQHandler</a>&nbsp;&nbsp;&nbsp;&rArr;&nbsp;&nbsp;&nbsp;<a href="#[19]">EFUSE_IRQHandler</a><BR>
 <LI><a href="#[5]">NMI_Handler</a>&nbsp;&nbsp;&nbsp;&rArr;&nbsp;&nbsp;&nbsp;<a href="#[5]">NMI_Handler</a><BR>
 <LI><a href="#[15]">PMU_POF_IRQHandler</a>&nbsp;&nbsp;&nbsp;&rArr;&nbsp;&nbsp;&nbsp;<a href="#[15]">PMU_POF_IRQHandler</a><BR>
 <LI><a href="#[660]">vApplicationStackOverflowHook</a>&nbsp;&nbsp;&nbsp;&rArr;&nbsp;&nbsp;&nbsp;<a href="#[660]">vApplicationStackOverflowHook</a><BR>
 <LI><a href="#[1e]">SOFT0_IRQHandler</a>&nbsp;&nbsp;&nbsp;&rArr;&nbsp;&nbsp;&nbsp;<a href="#[1e]">SOFT0_IRQHandler</a><BR>
 <LI><a href="#[1f]">SOFT1_IRQHandler</a>&nbsp;&nbsp;&nbsp;&rArr;&nbsp;&nbsp;&nbsp;<a href="#[1f]">SOFT1_IRQHandler</a><BR>
 <LI><a href="#[20]">SOFT2_IRQHandler</a>&nbsp;&nbsp;&nbsp;&rArr;&nbsp;&nbsp;&nbsp;<a href="#[20]">SOFT2_IRQHandler</a><BR>
 <LI><a href="#[21]">SOFT3_IRQHandler</a>&nbsp;&nbsp;&nbsp;&rArr;&nbsp;&nbsp;&nbsp;<a href="#[21]">SOFT3_IRQHandler</a><BR>
 <LI><a href="#[22]">SOFT4_IRQHandler</a>&nbsp;&nbsp;&nbsp;&rArr;&nbsp;&nbsp;&nbsp;<a href="#[22]">SOFT4_IRQHandler</a><BR>
 <LI><a href="#[23]">SOFT5_IRQHandler</a>&nbsp;&nbsp;&nbsp;&rArr;&nbsp;&nbsp;&nbsp;<a href="#[23]">SOFT5_IRQHandler</a><BR>
 <LI><a href="#[24]">SOFT6_IRQHandler</a>&nbsp;&nbsp;&nbsp;&rArr;&nbsp;&nbsp;&nbsp;<a href="#[24]">SOFT6_IRQHandler</a><BR>
 <LI><a href="#[25]">SOFT7_IRQHandler</a>&nbsp;&nbsp;&nbsp;&rArr;&nbsp;&nbsp;&nbsp;<a href="#[25]">SOFT7_IRQHandler</a><BR>
 <LI><a href="#[13]">TIM_IRQHandler</a>&nbsp;&nbsp;&nbsp;&rArr;&nbsp;&nbsp;&nbsp;<a href="#[13]">TIM_IRQHandler</a><BR>
 <LI><a href="#[26]">VTRACK_IRQHandler</a>&nbsp;&nbsp;&nbsp;&rArr;&nbsp;&nbsp;&nbsp;<a href="#[26]">VTRACK_IRQHandler</a><BR>
 <LI><a href="#[565]">_etoa</a>&nbsp;&nbsp;&nbsp;&rArr;&nbsp;&nbsp;&nbsp;<a href="#[568]">_ftoa</a><BR>
 <LI><a href="#[5a7]">cs_list_find</a>&nbsp;&nbsp;&nbsp;&rArr;&nbsp;&nbsp;&nbsp;<a href="#[5a7]">cs_list_find</a><BR>
 <LI><a href="#[4c7]">ob_evt_init</a>&nbsp;&nbsp;&nbsp;&rArr;&nbsp;&nbsp;&nbsp;<a href="#[324]">cs_bc_init</a><BR>
 <LI><a href="#[358]">ebh_fsm_check_trans_block</a>&nbsp;&nbsp;&nbsp;&rArr;&nbsp;&nbsp;&nbsp;<a href="#[358]">ebh_fsm_check_trans_block</a><BR>
 <LI><a href="#[57d]">ancs_set_state</a>&nbsp;&nbsp;&nbsp;&rArr;&nbsp;&nbsp;&nbsp;<a href="#[57d]">ancs_set_state</a><BR>
 <LI><a href="#[d8]">[Anonymous Symbol]</a>&nbsp;&nbsp;&nbsp;&rArr;&nbsp;&nbsp;&nbsp;<a href="#[d8]">[Anonymous Symbol]</a><BR>
</UL>
<P>
<H3>
Function Pointers
</H3><UL>
 <LI><a href="#[0]">[Anonymous Symbol]</a> from ebh_smp.o(.text) referenced 8 times from ebh_smp.o(.data)
 <LI><a href="#[a7]">[Anonymous Symbol]</a> from csble_gap_ext_adv_fsm.o(.text) referenced 134 times from csble_gap_ext_adv_fsm.o(.rodata)
 <LI><a href="#[35]">[Anonymous Symbol]</a> from bb.o(.text) referenced 73 times from bb.o(.text)
 <LI><a href="#[34]">$Super$$main</a> from main.o(.text.main) referenced from startup.o(.text)
 <LI><a href="#[1b]">ADC_IRQHandler</a> from drv_isr.o(.text.ADC_IRQHandler) referenced from startup.o(RESET)
 <LI><a href="#[f]">BT_IRQHandler</a> from drv_isr.o(.text.BT_IRQHandler) referenced from startup.o(RESET)
 <LI><a href="#[10]">BT_WAKEUP_IRQHandler</a> from drv_isr.o(.text.BT_WAKEUP_IRQHandler) referenced from startup.o(RESET)
 <LI><a href="#[8]">BusFault_Handler</a> from cmb_fault.o(.text) referenced from startup.o(RESET)
 <LI><a href="#[2a]">CC_INTR_IRQHandler</a> from drv_isr.o(.text.CC_INTR_IRQHandler) referenced from startup.o(RESET)
 <LI><a href="#[27]">CRY32M_RDY_IRQHandler</a> from drv_isr.o(.text.CRY32M_RDY_IRQHandler) referenced from startup.o(RESET)
 <LI><a href="#[14]">CS_24G_RF_IRQHandler</a> from drv_isr.o(.text.CS_24G_RF_IRQHandler) referenced from startup.o(RESET)
 <LI><a href="#[11]">DMA_IRQHandler</a> from drv_isr.o(.text.DMA_IRQHandler) referenced from startup.o(RESET)
 <LI><a href="#[c]">DebugMon_Handler</a> from drv_isr.o(.text.DebugMon_Handler) referenced from startup.o(RESET)
 <LI><a href="#[19]">EFUSE_IRQHandler</a> from drv_isr.o(.text.EFUSE_IRQHandler) referenced from startup.o(RESET)
 <LI><a href="#[1a]">GPIO_IRQHandler</a> from drv_isr.o(.text.GPIO_IRQHandler) referenced from startup.o(RESET)
 <LI><a href="#[6]">HardFault_Handler</a> from cmb_fault.o(.text) referenced from startup.o(RESET)
 <LI><a href="#[1c]">I2C0_IRQHandler</a> from drv_isr.o(.text.I2C0_IRQHandler) referenced from startup.o(RESET)
 <LI><a href="#[31]">LP_TIMER_IRQHandler</a> from drv_isr.o(.text.LP_TIMER_IRQHandler) referenced from startup.o(RESET)
 <LI><a href="#[7]">MemManage_Handler</a> from cmb_fault.o(.text) referenced from startup.o(RESET)
 <LI><a href="#[5]">NMI_Handler</a> from drv_isr.o(.text.NMI_Handler) referenced from startup.o(RESET)
 <LI><a href="#[12]">PIN_WAKEUP_IRQHandler</a> from drv_isr.o(.text.PIN_WAKEUP_IRQHandler) referenced from startup.o(RESET)
 <LI><a href="#[15]">PMU_POF_IRQHandler</a> from drv_isr.o(.text.PMU_POF_IRQHandler) referenced from startup.o(RESET)
 <LI><a href="#[16]">PMU_TIMER_IRQHandler</a> from drv_isr.o(.text.PMU_TIMER_IRQHandler) referenced from startup.o(RESET)
 <LI><a href="#[d]">PendSV_Handler</a> from port.o(.text.PendSV_Handler) referenced from startup.o(RESET)
 <LI><a href="#[2f]">RTC_1HZ_IRQHandler</a> from drv_isr.o(.text.RTC_1HZ_IRQHandler) referenced from startup.o(RESET)
 <LI><a href="#[30]">RTC_AF_IRQHandler</a> from drv_isr.o(.text.RTC_AF_IRQHandler) referenced from startup.o(RESET)
 <LI><a href="#[4]">Reset_Handler</a> from startup.o(.text) referenced from startup.o(RESET)
 <LI><a href="#[1d]">SF_IRQHandler</a> from drv_isr.o(.text.SF_IRQHandler) referenced from startup.o(RESET)
 <LI><a href="#[1e]">SOFT0_IRQHandler</a> from drv_isr.o(.text.SOFT0_IRQHandler) referenced from startup.o(RESET)
 <LI><a href="#[1f]">SOFT1_IRQHandler</a> from drv_isr.o(.text.SOFT1_IRQHandler) referenced from startup.o(RESET)
 <LI><a href="#[20]">SOFT2_IRQHandler</a> from drv_isr.o(.text.SOFT2_IRQHandler) referenced from startup.o(RESET)
 <LI><a href="#[21]">SOFT3_IRQHandler</a> from drv_isr.o(.text.SOFT3_IRQHandler) referenced from startup.o(RESET)
 <LI><a href="#[22]">SOFT4_IRQHandler</a> from drv_isr.o(.text.SOFT4_IRQHandler) referenced from startup.o(RESET)
 <LI><a href="#[23]">SOFT5_IRQHandler</a> from drv_isr.o(.text.SOFT5_IRQHandler) referenced from startup.o(RESET)
 <LI><a href="#[24]">SOFT6_IRQHandler</a> from drv_isr.o(.text.SOFT6_IRQHandler) referenced from startup.o(RESET)
 <LI><a href="#[25]">SOFT7_IRQHandler</a> from drv_isr.o(.text.SOFT7_IRQHandler) referenced from startup.o(RESET)
 <LI><a href="#[29]">SPI0_IRQHandler</a> from drv_isr.o(.text.SPI0_IRQHandler) referenced from startup.o(RESET)
 <LI><a href="#[2e]">SPI1_IRQHandler</a> from drv_isr.o(.text.SPI1_IRQHandler) referenced from startup.o(RESET)
 <LI><a href="#[b]">SVC_Handler</a> from port.o(.text.SVC_Handler) referenced from startup.o(RESET)
 <LI><a href="#[a]">SoftFault_Handler</a> from cmb_fault.o(.text) referenced from startup.o(RESET)
 <LI><a href="#[e]">SysTick_Handler</a> from drv_isr.o(.text.SysTick_Handler) referenced from startup.o(RESET)
 <LI><a href="#[2b]">TIM0_IRQHandler</a> from drv_isr.o(.text.TIM0_IRQHandler) referenced from startup.o(RESET)
 <LI><a href="#[2c]">TIM1_IRQHandler</a> from drv_isr.o(.text.TIM1_IRQHandler) referenced from startup.o(RESET)
 <LI><a href="#[2d]">TIM2_IRQHandler</a> from drv_isr.o(.text.TIM2_IRQHandler) referenced from startup.o(RESET)
 <LI><a href="#[13]">TIM_IRQHandler</a> from drv_isr.o(.text.TIM_IRQHandler) referenced from startup.o(RESET)
 <LI><a href="#[97]">TimerCallback</a> from cmsis_os2.o(.text.TimerCallback) referenced from cmsis_os2.o(.text.osTimerNew)
 <LI><a href="#[28]">UART0_IRQHandler</a> from drv_isr.o(.text.UART0_IRQHandler) referenced from startup.o(RESET)
 <LI><a href="#[18]">UART1_IRQHandler</a> from drv_isr.o(.text.UART1_IRQHandler) referenced from startup.o(RESET)
 <LI><a href="#[9]">UsageFault_Handler</a> from cmb_fault.o(.text) referenced from startup.o(RESET)
 <LI><a href="#[26]">VTRACK_IRQHandler</a> from drv_isr.o(.text.VTRACK_IRQHandler) referenced from startup.o(RESET)
 <LI><a href="#[17]">WDT_IRQHandler</a> from drv_isr.o(.text.WDT_IRQHandler) referenced from startup.o(RESET)
 <LI><a href="#[33]">__main</a> from entry.o(.ARM.Collect$$$$00000000) referenced from startup.o(.text)
 <LI><a href="#[8b]">_out_char</a> from cs_printf.o(.text._out_char) referenced from cs_printf.o(.text.cs_vprintf)
 <LI><a href="#[7f]">_out_null</a> from cs_printf.o(.text._out_null) referenced from cs_printf.o(.text._vsnprintf)
 <LI><a href="#[80]">ancs_event_cb</a> from ancs_client.o(.text.ancs_event_cb) referenced from ancs_client.o(.text.ancs_client_init)
 <LI><a href="#[81]">app_24g_ble_bb_frame_ongoing_handler</a> from app_24g.o(.text.app_24g_ble_bb_frame_ongoing_handler) referenced from app_24g.o(.text.app_24g_init)
 <LI><a href="#[84]">app_adv_event_cb</a> from app_adv.o(.text.app_adv_event_cb) referenced from app_adv.o(.text.app_adv_init)
 <LI><a href="#[87]">app_sec_event_cb</a> from app_sec.o(.text.app_sec_event_cb) referenced from app_sec.o(.text.app_sec_init)
 <LI><a href="#[17f]">bba_end_ind_handler</a> from llm_adv.o(.text) referenced from llm_task.o(.rodata)
 <LI><a href="#[12d]">bbb_acl_rx_ind_handler</a> from llc_hci.o(.text) referenced from llc_task.o(.rodata)
 <LI><a href="#[12e]">bbb_acl_tx_cfm_handler</a> from llc_hci.o(.text) referenced from llc_task.o(.rodata)
 <LI><a href="#[131]">bbb_ch_map_upd_cfm_handler</a> from llc_chmap_upd.o(.text) referenced from llc_task.o(.rodata)
 <LI><a href="#[12f]">bbb_disc_ind_handler</a> from llc_disconnect.o(.text) referenced from llc_task.o(.rodata)
 <LI><a href="#[12b]">bbb_llcp_rx_ind_handler</a> from llc_llcp.o(.text) referenced from llc_task.o(.rodata)
 <LI><a href="#[12c]">bbb_llcp_tx_cfm_handler</a> from llc_llcp.o(.text) referenced from llc_task.o(.rodata)
 <LI><a href="#[132]">bbb_phy_upd_cfm_handler</a> from llc_phy_upd.o(.text) referenced from llc_task.o(.rodata)
 <LI><a href="#[133]">bbc_estab_ind_handler</a> from llc_con_upd.o(.text) referenced from llc_task.o(.rodata)
 <LI><a href="#[134]">bbc_offset_upd_ind_handler</a> from llc_con_upd.o(.text) referenced from llc_task.o(.rodata)
 <LI><a href="#[130]">bbc_param_upd_cfm_handler</a> from llc_con_upd.o(.text) referenced from llc_task.o(.rodata)
 <LI><a href="#[180]">bbp_end_ind_handler</a> from llm_adv.o(.text) referenced from llm_task.o(.rodata)
 <LI><a href="#[17e]">bbs_req_ind_handler</a> from llm_adv.o(.text) referenced from llm_task.o(.rodata)
 <LI><a href="#[17d]">bbt_end_ind_handler</a> from llm_task.o(.text) referenced from llm_task.o(.rodata)
 <LI><a href="#[192]">chipsea_dfu_nvds_del_cfg</a> from chipsea_dfu_nvds.o(.text.chipsea_dfu_nvds_del_cfg) referenced from chipsea_dfu_nvds.o(.rodata.dfu_nvds_itf)
 <LI><a href="#[19c]">chipsea_dfu_nvds_del_dummy</a> from chipsea_dfu_nvds.o(.text.chipsea_dfu_nvds_del_dummy) referenced from chipsea_dfu_nvds.o(.rodata.dfu_nvds_itf)
 <LI><a href="#[188]">chipsea_dfu_nvds_del_mbr</a> from chipsea_dfu_nvds.o(.text.chipsea_dfu_nvds_del_mbr) referenced from chipsea_dfu_nvds.o(.rodata.dfu_nvds_itf)
 <LI><a href="#[193]">chipsea_dfu_nvds_disable_cfg</a> from chipsea_dfu_nvds.o(.text.chipsea_dfu_nvds_disable_cfg) referenced from chipsea_dfu_nvds.o(.rodata.dfu_nvds_itf)
 <LI><a href="#[19d]">chipsea_dfu_nvds_disable_dummy</a> from chipsea_dfu_nvds.o(.text.chipsea_dfu_nvds_disable_dummy) referenced from chipsea_dfu_nvds.o(.rodata.dfu_nvds_itf)
 <LI><a href="#[18e]">chipsea_dfu_nvds_disable_flash</a> from chipsea_dfu_nvds.o(.text.chipsea_dfu_nvds_disable_flash) referenced from chipsea_dfu_nvds.o(.rodata.dfu_nvds_itf)
 <LI><a href="#[198]">chipsea_dfu_nvds_disable_flash_ext</a> from chipsea_dfu_nvds.o(.text.chipsea_dfu_nvds_disable_flash_ext) referenced from chipsea_dfu_nvds.o(.rodata.dfu_nvds_itf)
 <LI><a href="#[189]">chipsea_dfu_nvds_disable_mbr</a> from chipsea_dfu_nvds.o(.text.chipsea_dfu_nvds_disable_mbr) referenced from chipsea_dfu_nvds.o(.rodata.dfu_nvds_itf)
 <LI><a href="#[18f]">chipsea_dfu_nvds_enable_cfg</a> from chipsea_dfu_nvds.o(.text.chipsea_dfu_nvds_enable_cfg) referenced from chipsea_dfu_nvds.o(.rodata.dfu_nvds_itf)
 <LI><a href="#[199]">chipsea_dfu_nvds_enable_dummy</a> from chipsea_dfu_nvds.o(.text.chipsea_dfu_nvds_enable_dummy) referenced from chipsea_dfu_nvds.o(.rodata.dfu_nvds_itf)
 <LI><a href="#[18a]">chipsea_dfu_nvds_enable_flash</a> from chipsea_dfu_nvds.o(.text.chipsea_dfu_nvds_enable_flash) referenced from chipsea_dfu_nvds.o(.rodata.dfu_nvds_itf)
 <LI><a href="#[194]">chipsea_dfu_nvds_enable_flash_ext</a> from chipsea_dfu_nvds.o(.text.chipsea_dfu_nvds_enable_flash_ext) referenced from chipsea_dfu_nvds.o(.rodata.dfu_nvds_itf)
 <LI><a href="#[185]">chipsea_dfu_nvds_enable_mbr</a> from chipsea_dfu_nvds.o(.text.chipsea_dfu_nvds_enable_mbr) referenced from chipsea_dfu_nvds.o(.rodata.dfu_nvds_itf)
 <LI><a href="#[18d]">chipsea_dfu_nvds_erase_flash</a> from chipsea_dfu_nvds.o(.text.chipsea_dfu_nvds_erase_flash) referenced from chipsea_dfu_nvds.o(.rodata.dfu_nvds_itf)
 <LI><a href="#[197]">chipsea_dfu_nvds_erase_flash_ext</a> from chipsea_dfu_nvds.o(.text.chipsea_dfu_nvds_erase_flash_ext) referenced from chipsea_dfu_nvds.o(.rodata.dfu_nvds_itf)
 <LI><a href="#[190]">chipsea_dfu_nvds_get_cfg</a> from chipsea_dfu_nvds.o(.text.chipsea_dfu_nvds_get_cfg) referenced from chipsea_dfu_nvds.o(.rodata.dfu_nvds_itf)
 <LI><a href="#[19a]">chipsea_dfu_nvds_get_dummy</a> from chipsea_dfu_nvds.o(.text.chipsea_dfu_nvds_get_dummy) referenced from chipsea_dfu_nvds.o(.rodata.dfu_nvds_itf)
 <LI><a href="#[18b]">chipsea_dfu_nvds_get_flash</a> from chipsea_dfu_nvds.o(.text.chipsea_dfu_nvds_get_flash) referenced from chipsea_dfu_nvds.o(.rodata.dfu_nvds_itf)
 <LI><a href="#[195]">chipsea_dfu_nvds_get_flash_ext</a> from chipsea_dfu_nvds.o(.text.chipsea_dfu_nvds_get_flash_ext) referenced from chipsea_dfu_nvds.o(.rodata.dfu_nvds_itf)
 <LI><a href="#[186]">chipsea_dfu_nvds_get_mbr</a> from chipsea_dfu_nvds.o(.text.chipsea_dfu_nvds_get_mbr) referenced from chipsea_dfu_nvds.o(.rodata.dfu_nvds_itf)
 <LI><a href="#[191]">chipsea_dfu_nvds_put_cfg</a> from chipsea_dfu_nvds.o(.text.chipsea_dfu_nvds_put_cfg) referenced from chipsea_dfu_nvds.o(.rodata.dfu_nvds_itf)
 <LI><a href="#[19b]">chipsea_dfu_nvds_put_dummy</a> from chipsea_dfu_nvds.o(.text.chipsea_dfu_nvds_put_dummy) referenced from chipsea_dfu_nvds.o(.rodata.dfu_nvds_itf)
 <LI><a href="#[18c]">chipsea_dfu_nvds_put_flash</a> from chipsea_dfu_nvds.o(.text.chipsea_dfu_nvds_put_flash) referenced from chipsea_dfu_nvds.o(.rodata.dfu_nvds_itf)
 <LI><a href="#[196]">chipsea_dfu_nvds_put_flash_ext</a> from chipsea_dfu_nvds.o(.text.chipsea_dfu_nvds_put_flash_ext) referenced from chipsea_dfu_nvds.o(.rodata.dfu_nvds_itf)
 <LI><a href="#[187]">chipsea_dfu_nvds_put_mbr</a> from chipsea_dfu_nvds.o(.text.chipsea_dfu_nvds_put_mbr) referenced from chipsea_dfu_nvds.o(.rodata.dfu_nvds_itf)
 <LI><a href="#[19e]">cmd_mem32r</a> from shell_cmd.o(.text.cmd_mem32r) referenced from shell_cmd.o(.rodata.shell_cmd)
 <LI><a href="#[19f]">cmd_mem32w</a> from shell_cmd.o(.text.cmd_mem32w) referenced from shell_cmd.o(.rodata.shell_cmd)
 <LI><a href="#[83]">cs_24g_callback</a> from app_24g.o(.text.cs_24g_callback) referenced from app_24g.o(.text.app_24g_init)
 <LI><a href="#[89]">cs_24g_set_kdco</a> from drv_24g.o(.text.cs_24g_set_kdco) referenced from drv_24g.o(.text.cs_24g_set_deviation)
 <LI><a href="#[8a]">cs_ble_mem_heap_set</a> from ob_mem.o(.text) referenced from cs_ble_mem_heap.o(.text.cs_ble_mem_heap_init)
 <LI><a href="#[92]">cs_gatts_add_service</a> from csble_gatt.o(.text) referenced from service_common.o(.text.gatt_service_init)
 <LI><a href="#[86]">cs_log</a> from cs_log.o(.text.cs_log) referenced from app_sec.o(.text.app_sec_event_cb)
 <LI><a href="#[86]">cs_log</a> from cs_log.o(.text.cs_log) referenced from adapter.o(.text.chipsea_fault)
 <LI><a href="#[86]">cs_log</a> from cs_log.o(.text.cs_log) referenced from drv_24g.o(.text.cs_24g_control)
 <LI><a href="#[182]">dfu_begin_ind_handler</a> from service_chipsea_dfu.o(.text.dfu_begin_ind_handler) referenced from service_chipsea_dfu.o(.rodata.dfu_cb_itf)
 <LI><a href="#[184]">dfu_end_ind_handler</a> from service_chipsea_dfu.o(.text.dfu_end_ind_handler) referenced from service_chipsea_dfu.o(.rodata.dfu_cb_itf)
 <LI><a href="#[183]">dfu_prog_ind_handler</a> from service_chipsea_dfu.o(.text.dfu_prog_ind_handler) referenced from service_chipsea_dfu.o(.rodata.dfu_cb_itf)
 <LI><a href="#[93]">drv_gpio_isr_handler</a> from main.o(.text.drv_gpio_isr_handler) referenced from main.o(.text.main)
 <LI><a href="#[8f]">drv_pin_mux_set</a> from drv_pinmux.o(.text.drv_pin_mux_set) referenced from drv_sf_sys.o(.text.drv_sfs_probe)
 <LI><a href="#[94]">drv_pin_wakeup_isr_handler</a> from main.o(.text.drv_pin_wakeup_isr_handler) referenced from main.o(.text.main)
 <LI><a href="#[1a1]">drv_pmu_sleep_leave</a> from drv_pmu.o(RAM_CODE.PM) referenced from pm.o(RAM_CODE.PM)
 <LI><a href="#[a0]">drv_rcc_clock_get</a> from drv_rcc.o(.text.drv_rcc_clock_get) referenced from port.o(.text.vPortSetupTimerInterrupt)
 <LI><a href="#[8d]">drv_sf_read_fast_dma</a> from drv_sf.o(.text.drv_sf_read_fast_dma) referenced from drv_sf.o(.text.drv_sf_read)
 <LI><a href="#[8e]">drv_sf_read_fast_dual_dma</a> from drv_sf.o(.text.drv_sf_read_fast_dual_dma) referenced from drv_sf.o(.text.drv_sf_read)
 <LI><a href="#[8c]">drv_sf_read_fast_quad_dma</a> from drv_sf.o(.text.drv_sf_read_fast_quad_dma) referenced from drv_sf.o(.text.drv_sf_read)
 <LI><a href="#[4d]">ebh_mem_free</a> from ebh_port_memory.o(.text) referenced 3 times from csble_gap_conn.o(.text)
 <LI><a href="#[9e]">evt_timer_0_handler</a> from evt_task.o(.text.evt_timer_0_handler) referenced from evt_task.o(.text.vEvtScheduleTask)
 <LI><a href="#[90]">evt_timer_overflow_handler</a> from evt_timer.o(.text.evt_timer_overflow_handler) referenced from evt_timer.o(.text.evt_timer_init)
 <LI><a href="#[91]">evt_timer_sche</a> from evt_timer.o(.text.evt_timer_sche) referenced from evt_timer.o(.text.evt_timer_init)
 <LI><a href="#[12a]">hci_acl_data_handler</a> from llc_hci.o(.text) referenced from llc_task.o(.rodata)
 <LI><a href="#[129]">hci_command_handler</a> from llc_hci.o(.text) referenced from llc_task.o(.rodata)
 <LI><a href="#[100]">hci_disconnect_cmd_handler</a> from llc_disconnect.o(.text) referenced from llc_hci.o(.rodata)
 <LI><a href="#[15c]">hci_le_clear_adv_sets_cmd_handler</a> from llm_adv.o(.text) referenced from llm_hci.o(.rodata)
 <LI><a href="#[102]">hci_le_con_upd_cmd_handler</a> from llc_con_upd.o(.text) referenced from llc_hci.o(.rodata)
 <LI><a href="#[107]">hci_le_ltk_req_neg_reply_cmd_handler</a> from llc_encrypt.o(.text) referenced from llc_hci.o(.rodata)
 <LI><a href="#[106]">hci_le_ltk_req_reply_cmd_handler</a> from llc_encrypt.o(.text) referenced from llc_hci.o(.rodata)
 <LI><a href="#[156]">hci_le_rd_adv_ch_tx_pw_cmd_handler</a> from llm_adv.o(.text) referenced from llm_hci.o(.rodata)
 <LI><a href="#[103]">hci_le_rd_chnl_map_cmd_handler</a> from llc_chmap_upd.o(.text) referenced from llc_hci.o(.rodata)
 <LI><a href="#[159]">hci_le_rd_max_adv_data_len_cmd_handler</a> from llm_adv.o(.text) referenced from llm_hci.o(.rodata)
 <LI><a href="#[15a]">hci_le_rd_nb_supp_adv_sets_cmd_handler</a> from llm_adv.o(.text) referenced from llm_hci.o(.rodata)
 <LI><a href="#[10b]">hci_le_rd_phy_cmd_handler</a> from llc_phy_upd.o(.text) referenced from llc_hci.o(.rodata)
 <LI><a href="#[104]">hci_le_rd_rem_feats_cmd_handler</a> from llc_feat_exch.o(.text) referenced from llc_hci.o(.rodata)
 <LI><a href="#[109]">hci_le_rem_con_param_req_neg_reply_cmd_handler</a> from llc_con_upd.o(.text) referenced from llc_hci.o(.rodata)
 <LI><a href="#[108]">hci_le_rem_con_param_req_reply_cmd_handler</a> from llc_con_upd.o(.text) referenced from llc_hci.o(.rodata)
 <LI><a href="#[15b]">hci_le_rmv_adv_set_cmd_handler</a> from llm_adv.o(.text) referenced from llm_hci.o(.rodata)
 <LI><a href="#[153]">hci_le_set_adv_data_cmd_handler</a> from llm_adv.o(.text) referenced from llm_hci.o(.rodata)
 <LI><a href="#[154]">hci_le_set_adv_en_cmd_handler</a> from llm_adv.o(.text) referenced from llm_hci.o(.rodata)
 <LI><a href="#[152]">hci_le_set_adv_param_cmd_handler</a> from llm_adv.o(.text) referenced from llm_hci.o(.rodata)
 <LI><a href="#[157]">hci_le_set_adv_set_rand_addr_cmd_handler</a> from llm_adv.o(.text) referenced from llm_hci.o(.rodata)
 <LI><a href="#[10a]">hci_le_set_data_len_cmd_handler</a> from llc_dl_upd.o(.text) referenced from llc_hci.o(.rodata)
 <LI><a href="#[143]">hci_le_set_ext_adv_data_cmd_handler</a> from llm_adv.o(.text) referenced from llm_hci.o(.rodata)
 <LI><a href="#[141]">hci_le_set_ext_adv_en_cmd_handler</a> from llm_adv.o(.text) referenced from llm_hci.o(.rodata)
 <LI><a href="#[142]">hci_le_set_ext_adv_param_cmd_handler</a> from llm_adv.o(.text) referenced from llm_hci.o(.rodata)
 <LI><a href="#[158]">hci_le_set_ext_scan_rsp_data_cmd_handler</a> from llm_adv.o(.text) referenced from llm_hci.o(.rodata)
 <LI><a href="#[15e]">hci_le_set_per_adv_data_cmd_handler</a> from llm_adv.o(.text) referenced from llm_hci.o(.rodata)
 <LI><a href="#[15f]">hci_le_set_per_adv_en_cmd_handler</a> from llm_adv.o(.text) referenced from llm_hci.o(.rodata)
 <LI><a href="#[15d]">hci_le_set_per_adv_param_cmd_handler</a> from llm_adv.o(.text) referenced from llm_hci.o(.rodata)
 <LI><a href="#[10c]">hci_le_set_phy_cmd_handler</a> from llc_phy_upd.o(.text) referenced from llc_hci.o(.rodata)
 <LI><a href="#[155]">hci_le_set_scan_rsp_data_cmd_handler</a> from llm_adv.o(.text) referenced from llm_hci.o(.rodata)
 <LI><a href="#[105]">hci_le_start_enc_cmd_handler</a> from llc_encrypt.o(.text) referenced from llc_hci.o(.rodata)
 <LI><a href="#[101]">hci_rd_rem_ver_info_cmd_handler</a> from llc_ver_exch.o(.text) referenced from llc_hci.o(.rodata)
 <LI><a href="#[110]">hci_rd_rssi_cmd_handler</a> from llc_hci.o(.text) referenced from llc_hci.o(.rodata)
 <LI><a href="#[10f]">hci_rd_tx_pwr_lvl_cmd_handler</a> from llc_hci.o(.text) referenced from llc_hci.o(.rodata)
 <LI><a href="#[10e]">hci_vs_set_pref_slave_evt_dur_cmd_handler</a> from llc_hci.o(.text) referenced from llc_hci.o(.rodata)
 <LI><a href="#[10d]">hci_vs_set_pref_slave_latency_cmd_handler</a> from llc_hci.o(.text) referenced from llc_hci.o(.rodata)
 <LI><a href="#[e1]">l2cap_command_reject_rsp_proc</a> from ebh_l2cap_sig.o(.text) referenced from ebh_l2cap_sig.o(.rodata)
 <LI><a href="#[e2]">l2cap_connection_parameter_update_req_proc</a> from ebh_l2cap_sig.o(.text) referenced from ebh_l2cap_sig.o(.rodata)
 <LI><a href="#[e3]">l2cap_connection_parameter_update_rsp_proc</a> from ebh_l2cap_sig.o(.text) referenced from ebh_l2cap_sig.o(.rodata)
 <LI><a href="#[112]">ll_channel_map_ind_handler</a> from llc_chmap_upd.o(.text) referenced from llc_llcp.o(.rodata)
 <LI><a href="#[120]">ll_connection_param_req_handler</a> from llc_con_upd.o(.text) referenced from llc_llcp.o(.rodata)
 <LI><a href="#[121]">ll_connection_param_rsp_handler</a> from llc_con_upd.o(.text) referenced from llc_llcp.o(.rodata)
 <LI><a href="#[111]">ll_connection_update_ind_handler</a> from llc_con_upd.o(.text) referenced from llc_llcp.o(.rodata)
 <LI><a href="#[114]">ll_enc_req_handler</a> from llc_encrypt.o(.text) referenced from llc_llcp.o(.rodata)
 <LI><a href="#[115]">ll_enc_rsp_handler</a> from llc_encrypt.o(.text) referenced from llc_llcp.o(.rodata)
 <LI><a href="#[119]">ll_feature_req_handler</a> from llc_feat_exch.o(.text) referenced from llc_llcp.o(.rodata)
 <LI><a href="#[11a]">ll_feature_rsp_handler</a> from llc_feat_exch.o(.text) referenced from llc_llcp.o(.rodata)
 <LI><a href="#[123]">ll_length_req_handler</a> from llc_dl_upd.o(.text) referenced from llc_llcp.o(.rodata)
 <LI><a href="#[124]">ll_length_rsp_handler</a> from llc_dl_upd.o(.text) referenced from llc_llcp.o(.rodata)
 <LI><a href="#[128]">ll_min_used_channels_ind_handler</a> from llc_chmap_upd.o(.text) referenced from llc_llcp.o(.rodata)
 <LI><a href="#[11b]">ll_pause_enc_req_handler</a> from llc_encrypt.o(.text) referenced from llc_llcp.o(.rodata)
 <LI><a href="#[11c]">ll_pause_enc_rsp_handler</a> from llc_encrypt.o(.text) referenced from llc_llcp.o(.rodata)
 <LI><a href="#[125]">ll_phy_req_handler</a> from llc_phy_upd.o(.text) referenced from llc_llcp.o(.rodata)
 <LI><a href="#[126]">ll_phy_rsp_handler</a> from llc_phy_upd.o(.text) referenced from llc_llcp.o(.rodata)
 <LI><a href="#[127]">ll_phy_update_ind_handler</a> from llc_phy_upd.o(.text) referenced from llc_llcp.o(.rodata)
 <LI><a href="#[11f]">ll_slave_feature_req_handler</a> from llc_feat_exch.o(.text) referenced from llc_llcp.o(.rodata)
 <LI><a href="#[116]">ll_start_enc_req_handler</a> from llc_encrypt.o(.text) referenced from llc_llcp.o(.rodata)
 <LI><a href="#[117]">ll_start_enc_rsp_handler</a> from llc_encrypt.o(.text) referenced from llc_llcp.o(.rodata)
 <LI><a href="#[113]">ll_terminate_ind_handler</a> from llc_disconnect.o(.text) referenced from llc_llcp.o(.rodata)
 <LI><a href="#[11d]">ll_version_ind_handler</a> from llc_ver_exch.o(.text) referenced from llc_llcp.o(.rodata)
 <LI><a href="#[72]">llc_con_move_cbk</a> from llc_con_upd.o(.text) referenced from llm_adv.o(.text)
 <LI><a href="#[140]">llc_encrypt_ind_handler</a> from llc_encrypt.o(.text) referenced from llc_task.o(.rodata)
 <LI><a href="#[13c]">llc_op_ch_map_upd_ind_handler</a> from llc_chmap_upd.o(.text) referenced from llc_task.o(.rodata)
 <LI><a href="#[13a]">llc_op_con_upd_ind_handler</a> from llc_con_upd.o(.text) referenced from llc_task.o(.rodata)
 <LI><a href="#[138]">llc_op_disconnect_ind_handler</a> from llc_disconnect.o(.text) referenced from llc_task.o(.rodata)
 <LI><a href="#[13b]">llc_op_dl_upd_ind_handler</a> from llc_dl_upd.o(.text) referenced from llc_task.o(.rodata)
 <LI><a href="#[139]">llc_op_encrypt_ind_handler</a> from llc_encrypt.o(.text) referenced from llc_task.o(.rodata)
 <LI><a href="#[137]">llc_op_feats_exch_ind_handler</a> from llc_feat_exch.o(.text) referenced from llc_task.o(.rodata)
 <LI><a href="#[13d]">llc_op_phy_upd_ind_handler</a> from llc_phy_upd.o(.text) referenced from llc_task.o(.rodata)
 <LI><a href="#[136]">llc_op_ver_exch_ind_handler</a> from llc_ver_exch.o(.text) referenced from llc_task.o(.rodata)
 <LI><a href="#[135]">llc_stopped_ind_handler</a> from llc_disconnect.o(.text) referenced from llc_task.o(.rodata)
 <LI><a href="#[181]">llm_hci_command_handler</a> from llm_hci.o(.text) referenced from llm_task.o(.rodata)
 <LI><a href="#[32]">main</a> from startup.o(.text) referenced from entry9a.o(.ARM.Collect$$$$0000000B)
 <LI><a href="#[48]">ob_gap_hci_conn_param_reject_response_cb</a> from csble_gap.o(.text) referenced from csble_gap.o(.text)
 <LI><a href="#[47]">ob_gap_hci_conn_param_response_cb</a> from csble_gap.o(.text) referenced from csble_gap.o(.text)
 <LI><a href="#[46]">ob_gap_hci_conn_param_update_cb</a> from csble_gap.o(.text) referenced from csble_gap.o(.text)
 <LI><a href="#[59]">ob_gap_hci_read_bd_addr_cb</a> from csble_host_soc.o(.text) referenced from csble_host_soc.o(.text)
 <LI><a href="#[56]">ob_gap_hci_read_buf_size_v1_cb</a> from csble_host_soc.o(.text) referenced 2 times from csble_host_soc.o(.text)
 <LI><a href="#[45]">ob_gap_hci_set_addr_cb</a> from csble_gap.o(.text) referenced from csble_gap.o(.text)
 <LI><a href="#[5b]">ob_gap_hci_set_event_mask_cb</a> from csble_host_soc.o(.text) referenced from csble_host_soc.o(.text)
 <LI><a href="#[5a]">ob_gap_hci_set_le_event_mask_cb</a> from csble_host_soc.o(.text) referenced from csble_host_soc.o(.text)
 <LI><a href="#[49]">ob_pointer_expand</a> from csble.o(.text) referenced from csble_gap_conn.o(.text)
 <LI><a href="#[63]">obc_co_list_pool_init</a> from obc_co_list.o(.text) referenced from llb.o(.text)
 <LI><a href="#[73]">obc_schedule</a> from obc.o(.text) referenced from obc.o(.text)
 <LI><a href="#[1a0]">pm_sleep_notify</a> from pm.o(RAM_CODE.PM) referenced from pm.o(RAM_CODE.PM)
 <LI><a href="#[95]">pm_sleep_notify_handler</a> from main.o(.text.pm_sleep_notify_handler) referenced from main.o(.text.main)
 <LI><a href="#[a3]">prvIdleTask</a> from tasks.o(.text.prvIdleTask) referenced from tasks.o(.text.vTaskStartScheduler)
 <LI><a href="#[99]">prvTaskExitError</a> from port.o(.text.prvTaskExitError) referenced from port.o(.text.pxPortInitialiseStack)
 <LI><a href="#[a6]">prvTimerTask</a> from timers.o(.text.prvTimerTask) referenced from timers.o(.text.xTimerCreateTimerTask)
 <LI><a href="#[85]">service_chipsea_dfu_evt_cb</a> from service_chipsea_dfu.o(.text.service_chipsea_dfu_evt_cb) referenced from service_chipsea_dfu.o(.text.app_chipsea_dfu_init)
 <LI><a href="#[9a]">service_discovery_event_cb</a> from service_common.o(.text.service_discovery_event_cb) referenced from service_common.o(.text.service_common_init)
 <LI><a href="#[9c]">shell_evt_handler</a> from shell_port.o(.text.shell_evt_handler) referenced from shell_port.o(.text.shell_init)
 <LI><a href="#[9b]">shell_out</a> from shell_port.o(.text.shell_out) referenced from shell.o(.text.shell_get_line)
 <LI><a href="#[9d]">shell_usart_cb</a> from shell_port.o(.text.shell_usart_cb) referenced from shell_port.o(.text.shell_init)
 <LI><a href="#[88]">strtoul</a> from strtoul.o(.text) referenced from shell_cmd.o(.text.cmd_mem32w)
 <LI><a href="#[82]">timer1_callback</a> from app_24g.o(.text.timer1_callback) referenced from app_24g.o(.text.app_24g_init)
 <LI><a href="#[a5]">vEventGroupSetBitsCallback</a> from event_groups.o(.text.vEventGroupSetBitsCallback) referenced from event_groups.o(.text.xEventGroupSetBitsFromISR)
 <LI><a href="#[9f]">vEvtEventHandler</a> from evt_task.o(.text.vEvtEventHandler) referenced from evt_task.o(.text.vEvtScheduleTask)
 <LI><a href="#[a2]">vEvtScheduleTask</a> from evt_task.o(.text.vEvtScheduleTask) referenced from evt_task.o(.text.vStartEvtTask)
 <LI><a href="#[98]">vListInitialise</a> from list.o(.text.vListInitialise) referenced from tasks.o(.text.prvAddNewTaskToReadyList)
 <LI><a href="#[a1]">vSleepTimerOverflowHandler</a> from port.o(.text.vSleepTimerOverflowHandler) referenced from port.o(.text.vPortSetupTimerInterrupt)
 <LI><a href="#[96]">vTestTask</a> from main.o(.text.vTestTask) referenced from main.o(.text.main)
 <LI><a href="#[a4]">vTimerCallback</a> from main.o(.text.vTimerCallback) referenced from main.o(.text.vTestTask)
</UL>
<P>
<H3>
Global Symbols
</H3>
<P><STRONG><a name="[201]"></a>rom_SystemEnterDeepSleep</STRONG> (Thumb, 0 bytes, Stack size 0 bytes, rom_symbol.symdefs(ABSOLUTE))
<BR><BR>[Called By]<UL><LI><a href="#[1c2]">&gt;&gt;</a>&nbsp;&nbsp;&nbsp;pm_system_enter_deepsleep
</UL>

<P><STRONG><a name="[63c]"></a>rom_SystemFromRomExitDeepSleepEnable</STRONG> (Thumb, 0 bytes, Stack size 0 bytes, rom_symbol.symdefs(ABSOLUTE))
<BR><BR>[Called By]<UL><LI><a href="#[555]">&gt;&gt;</a>&nbsp;&nbsp;&nbsp;pm_init
</UL>

<P><STRONG><a name="[354]"></a>rom_drv_sf_wait_sr_no_busy</STRONG> (Thumb, 0 bytes, Stack size 0 bytes, rom_symbol.symdefs(ABSOLUTE), UNUSED, KEPT)
<BR><BR>[Called By]<UL><LI><a href="#[1e5]">&gt;&gt;</a>&nbsp;&nbsp;&nbsp;[Anonymous Symbol]
</UL>

<P><STRONG><a name="[205]"></a>rom_drv_sfb_config</STRONG> (Thumb, 0 bytes, Stack size 0 bytes, rom_symbol.symdefs(ABSOLUTE))
<BR><BR>[Called By]<UL><LI><a href="#[1cc]">&gt;&gt;</a>&nbsp;&nbsp;&nbsp;drv_sf_config
</UL>

<P><STRONG><a name="[202]"></a>rom_drv_sfb_critical_object_get</STRONG> (Thumb, 0 bytes, Stack size 0 bytes, rom_symbol.symdefs(ABSOLUTE))
<BR><BR>[Called By]<UL><LI><a href="#[543]">&gt;&gt;</a>&nbsp;&nbsp;&nbsp;drv_sf_write_begin
<LI><a href="#[1ba]">&gt;&gt;</a>&nbsp;&nbsp;&nbsp;drv_sf_write_end
<LI><a href="#[1e5]">&gt;&gt;</a>&nbsp;&nbsp;&nbsp;[Anonymous Symbol]
</UL>

<P><STRONG><a name="[3c2]"></a>rom_drv_sfb_critical_object_set</STRONG> (Thumb, 0 bytes, Stack size 0 bytes, rom_symbol.symdefs(ABSOLUTE))
<BR><BR>[Called By]<UL><LI><a href="#[3c1]">&gt;&gt;</a>&nbsp;&nbsp;&nbsp;SystemInitPostLib
</UL>

<P><STRONG><a name="[5ed]"></a>rom_drv_sfb_enable</STRONG> (Thumb, 0 bytes, Stack size 0 bytes, rom_symbol.symdefs(ABSOLUTE))
<BR><BR>[Called By]<UL><LI><a href="#[599]">&gt;&gt;</a>&nbsp;&nbsp;&nbsp;drv_sf_enable
</UL>

<P><STRONG><a name="[553]"></a>rom_drv_sfb_isr</STRONG> (Thumb, 0 bytes, Stack size 0 bytes, rom_symbol.symdefs(ABSOLUTE))
<BR><BR>[Called By]<UL><LI><a href="#[1d]">&gt;&gt;</a>&nbsp;&nbsp;&nbsp;SF_IRQHandler
</UL>

<P><STRONG><a name="[356]"></a>rom_drv_sfb_process_block</STRONG> (Thumb, 0 bytes, Stack size 0 bytes, rom_symbol.symdefs(ABSOLUTE))
<BR><BR>[Called By]<UL><LI><a href="#[1e6]">&gt;&gt;</a>&nbsp;&nbsp;&nbsp;rom_drv_sfb_write_dma_ex
</UL>

<P><STRONG><a name="[355]"></a>rom_drv_sfb_process_nonblock</STRONG> (Thumb, 0 bytes, Stack size 0 bytes, rom_symbol.symdefs(ABSOLUTE))
<BR><BR>[Called By]<UL><LI><a href="#[1e6]">&gt;&gt;</a>&nbsp;&nbsp;&nbsp;rom_drv_sfb_write_dma_ex
</UL>

<P><STRONG><a name="[5f3]"></a>rom_drv_sfb_read_dma</STRONG> (Thumb, 0 bytes, Stack size 0 bytes, rom_symbol.symdefs(ABSOLUTE))
<BR><BR>[Called By]<UL><LI><a href="#[8c]">&gt;&gt;</a>&nbsp;&nbsp;&nbsp;drv_sf_read_fast_quad_dma
<LI><a href="#[8e]">&gt;&gt;</a>&nbsp;&nbsp;&nbsp;drv_sf_read_fast_dual_dma
<LI><a href="#[8d]">&gt;&gt;</a>&nbsp;&nbsp;&nbsp;drv_sf_read_fast_dma
</UL>

<P><STRONG><a name="[204]"></a>rom_drv_sfb_read_nodma</STRONG> (Thumb, 0 bytes, Stack size 0 bytes, rom_symbol.symdefs(ABSOLUTE))
<BR><BR>[Called By]<UL><LI><a href="#[215]">&gt;&gt;</a>&nbsp;&nbsp;&nbsp;drv_sf_read_uid_ex
<LI><a href="#[1ca]">&gt;&gt;</a>&nbsp;&nbsp;&nbsp;drv_sf_read_id
<LI><a href="#[1bf]">&gt;&gt;</a>&nbsp;&nbsp;&nbsp;drv_sf_read_sr2
<LI><a href="#[1be]">&gt;&gt;</a>&nbsp;&nbsp;&nbsp;drv_sf_read_sr
</UL>

<P><STRONG><a name="[203]"></a>rom_drv_sfb_write_nodma</STRONG> (Thumb, 0 bytes, Stack size 0 bytes, rom_symbol.symdefs(ABSOLUTE))
<BR><BR>[Called By]<UL><LI><a href="#[5f5]">&gt;&gt;</a>&nbsp;&nbsp;&nbsp;drv_sf_write_enable
<LI><a href="#[1c9]">&gt;&gt;</a>&nbsp;&nbsp;&nbsp;drv_sf_resume
<LI><a href="#[1c8]">&gt;&gt;</a>&nbsp;&nbsp;&nbsp;drv_sf_suspend
<LI><a href="#[1ba]">&gt;&gt;</a>&nbsp;&nbsp;&nbsp;drv_sf_write_end
<LI><a href="#[5e6]">&gt;&gt;</a>&nbsp;&nbsp;&nbsp;drv_sf_deep_power_down_leave
<LI><a href="#[1e5]">&gt;&gt;</a>&nbsp;&nbsp;&nbsp;[Anonymous Symbol]
</UL>

<P><STRONG><a name="[1bb]"></a>drv_sf_wait_sr_no_busy_with_suspend</STRONG> (Thumb, 176 bytes, Stack size 40 bytes, drv_sf.o(RAM_CODE))
<BR><BR>[Stack]<UL><LI>Max Depth = 80<LI>Call Chain = drv_sf_wait_sr_no_busy_with_suspend &rArr; drv_sf_is_busy &rArr; drv_sf_read_sr
</UL>
<BR>[Calls]<UL><LI><a href="#[1c9]">&gt;&gt;</a>&nbsp;&nbsp;&nbsp;drv_sf_resume
<LI><a href="#[1c8]">&gt;&gt;</a>&nbsp;&nbsp;&nbsp;drv_sf_suspend
<LI><a href="#[1c1]">&gt;&gt;</a>&nbsp;&nbsp;&nbsp;drv_sf_is_busy
</UL>
<BR>[Called By]<UL><LI><a href="#[1ba]">&gt;&gt;</a>&nbsp;&nbsp;&nbsp;drv_sf_write_end
</UL>

<P><STRONG><a name="[1bc]"></a>drv_sf_wait_sr_no_busy</STRONG> (Thumb, 96 bytes, Stack size 40 bytes, drv_sf.o(RAM_CODE))
<BR><BR>[Stack]<UL><LI>Max Depth = 80<LI>Call Chain = drv_sf_wait_sr_no_busy &rArr; drv_sf_is_busy &rArr; drv_sf_read_sr
</UL>
<BR>[Calls]<UL><LI><a href="#[1c1]">&gt;&gt;</a>&nbsp;&nbsp;&nbsp;drv_sf_is_busy
</UL>
<BR>[Called By]<UL><LI><a href="#[1ba]">&gt;&gt;</a>&nbsp;&nbsp;&nbsp;drv_sf_write_end
</UL>

<P><STRONG><a name="[1be]"></a>drv_sf_read_sr</STRONG> (Thumb, 46 bytes, Stack size 32 bytes, drv_sf.o(RAM_CODE))
<BR><BR>[Stack]<UL><LI>Max Depth = 32<LI>Call Chain = drv_sf_read_sr
</UL>
<BR>[Calls]<UL><LI><a href="#[204]">&gt;&gt;</a>&nbsp;&nbsp;&nbsp;rom_drv_sfb_read_nodma
</UL>
<BR>[Called By]<UL><LI><a href="#[54b]">&gt;&gt;</a>&nbsp;&nbsp;&nbsp;drv_sf_read_sr_16bits
<LI><a href="#[1c1]">&gt;&gt;</a>&nbsp;&nbsp;&nbsp;drv_sf_is_busy
</UL>

<P><STRONG><a name="[1bf]"></a>drv_sf_read_sr2</STRONG> (Thumb, 54 bytes, Stack size 32 bytes, drv_sf.o(RAM_CODE))
<BR><BR>[Stack]<UL><LI>Max Depth = 32<LI>Call Chain = drv_sf_read_sr2
</UL>
<BR>[Calls]<UL><LI><a href="#[204]">&gt;&gt;</a>&nbsp;&nbsp;&nbsp;rom_drv_sfb_read_nodma
</UL>
<BR>[Called By]<UL><LI><a href="#[1c0]">&gt;&gt;</a>&nbsp;&nbsp;&nbsp;drv_sf_is_suspended
<LI><a href="#[54b]">&gt;&gt;</a>&nbsp;&nbsp;&nbsp;drv_sf_read_sr_16bits
</UL>

<P><STRONG><a name="[1c0]"></a>drv_sf_is_suspended</STRONG> (Thumb, 10 bytes, Stack size 8 bytes, drv_sf.o(RAM_CODE), UNUSED, KEPT)
<BR><BR>[Stack]<UL><LI>Max Depth = 40<LI>Call Chain = drv_sf_is_suspended &rArr; drv_sf_read_sr2
</UL>
<BR>[Calls]<UL><LI><a href="#[1bf]">&gt;&gt;</a>&nbsp;&nbsp;&nbsp;drv_sf_read_sr2
</UL>

<P><STRONG><a name="[1c1]"></a>drv_sf_is_busy</STRONG> (Thumb, 12 bytes, Stack size 8 bytes, drv_sf.o(RAM_CODE))
<BR><BR>[Stack]<UL><LI>Max Depth = 40<LI>Call Chain = drv_sf_is_busy &rArr; drv_sf_read_sr
</UL>
<BR>[Calls]<UL><LI><a href="#[1be]">&gt;&gt;</a>&nbsp;&nbsp;&nbsp;drv_sf_read_sr
</UL>
<BR>[Called By]<UL><LI><a href="#[1bc]">&gt;&gt;</a>&nbsp;&nbsp;&nbsp;drv_sf_wait_sr_no_busy
<LI><a href="#[1bb]">&gt;&gt;</a>&nbsp;&nbsp;&nbsp;drv_sf_wait_sr_no_busy_with_suspend
</UL>

<P><STRONG><a name="[1c8]"></a>drv_sf_suspend</STRONG> (Thumb, 88 bytes, Stack size 32 bytes, drv_sf.o(RAM_CODE))
<BR><BR>[Stack]<UL><LI>Max Depth = 32<LI>Call Chain = drv_sf_suspend
</UL>
<BR>[Calls]<UL><LI><a href="#[203]">&gt;&gt;</a>&nbsp;&nbsp;&nbsp;rom_drv_sfb_write_nodma
</UL>
<BR>[Called By]<UL><LI><a href="#[1bb]">&gt;&gt;</a>&nbsp;&nbsp;&nbsp;drv_sf_wait_sr_no_busy_with_suspend
</UL>

<P><STRONG><a name="[1c9]"></a>drv_sf_resume</STRONG> (Thumb, 88 bytes, Stack size 32 bytes, drv_sf.o(RAM_CODE))
<BR><BR>[Stack]<UL><LI>Max Depth = 32<LI>Call Chain = drv_sf_resume
</UL>
<BR>[Calls]<UL><LI><a href="#[203]">&gt;&gt;</a>&nbsp;&nbsp;&nbsp;rom_drv_sfb_write_nodma
</UL>
<BR>[Called By]<UL><LI><a href="#[1bb]">&gt;&gt;</a>&nbsp;&nbsp;&nbsp;drv_sf_wait_sr_no_busy_with_suspend
</UL>

<P><STRONG><a name="[1ca]"></a>drv_sf_read_id</STRONG> (Thumb, 56 bytes, Stack size 32 bytes, drv_sf.o(RAM_CODE))
<BR><BR>[Stack]<UL><LI>Max Depth = 32<LI>Call Chain = drv_sf_read_id
</UL>
<BR>[Calls]<UL><LI><a href="#[204]">&gt;&gt;</a>&nbsp;&nbsp;&nbsp;rom_drv_sfb_read_nodma
</UL>
<BR>[Called By]<UL><LI><a href="#[1cb]">&gt;&gt;</a>&nbsp;&nbsp;&nbsp;drv_sf_read_id_safe
<LI><a href="#[1cc]">&gt;&gt;</a>&nbsp;&nbsp;&nbsp;drv_sf_config
</UL>

<P><STRONG><a name="[1cb]"></a>drv_sf_read_id_safe</STRONG> (Thumb, 104 bytes, Stack size 40 bytes, drv_sf.o(RAM_CODE))
<BR><BR>[Stack]<UL><LI>Max Depth = 72<LI>Call Chain = drv_sf_read_id_safe &rArr; drv_sf_read_id
</UL>
<BR>[Calls]<UL><LI><a href="#[1ca]">&gt;&gt;</a>&nbsp;&nbsp;&nbsp;drv_sf_read_id
</UL>
<BR>[Called By]<UL><LI><a href="#[522]">&gt;&gt;</a>&nbsp;&nbsp;&nbsp;drv_sf_detect
<LI><a href="#[1cc]">&gt;&gt;</a>&nbsp;&nbsp;&nbsp;drv_sf_config
</UL>

<P><STRONG><a name="[1cc]"></a>drv_sf_config</STRONG> (Thumb, 288 bytes, Stack size 56 bytes, drv_sf.o(RAM_CODE))
<BR><BR>[Stack]<UL><LI>Max Depth = 264<LI>Call Chain = drv_sf_config &rArr; drv_sf_quad_enable &rArr; drv_sf_write_sr_mask_16bits &rArr; drv_sf_write_sr_16bits &rArr; drv_sf_write_end &rArr; drv_sf_wait_sr_no_busy &rArr; drv_sf_is_busy &rArr; drv_sf_read_sr
</UL>
<BR>[Calls]<UL><LI><a href="#[205]">&gt;&gt;</a>&nbsp;&nbsp;&nbsp;rom_drv_sfb_config
<LI><a href="#[1cb]">&gt;&gt;</a>&nbsp;&nbsp;&nbsp;drv_sf_read_id_safe
<LI><a href="#[1ca]">&gt;&gt;</a>&nbsp;&nbsp;&nbsp;drv_sf_read_id
<LI><a href="#[206]">&gt;&gt;</a>&nbsp;&nbsp;&nbsp;drv_sf_quad_enable
<LI><a href="#[1bd]">&gt;&gt;</a>&nbsp;&nbsp;&nbsp;drv_sf_quad_bus_read_enable
</UL>
<BR>[Called By]<UL><LI><a href="#[55f]">&gt;&gt;</a>&nbsp;&nbsp;&nbsp;drv_sfs_probe
<LI><a href="#[55b]">&gt;&gt;</a>&nbsp;&nbsp;&nbsp;drv_sfs_config
<LI><a href="#[1d9]">&gt;&gt;</a>&nbsp;&nbsp;&nbsp;drv_sf_iflash_delay_recalib
</UL>

<P><STRONG><a name="[1d9]"></a>drv_sf_iflash_delay_recalib</STRONG> (Thumb, 68 bytes, Stack size 16 bytes, drv_sf.o(RAM_CODE), UNUSED, KEPT)
<BR><BR>[Stack]<UL><LI>Max Depth = 280<LI>Call Chain = drv_sf_iflash_delay_recalib &rArr; drv_sf_config &rArr; drv_sf_quad_enable &rArr; drv_sf_write_sr_mask_16bits &rArr; drv_sf_write_sr_16bits &rArr; drv_sf_write_end &rArr; drv_sf_wait_sr_no_busy &rArr; drv_sf_is_busy &rArr; drv_sf_read_sr
</UL>
<BR>[Calls]<UL><LI><a href="#[1cc]">&gt;&gt;</a>&nbsp;&nbsp;&nbsp;drv_sf_config
</UL>
<BR>[Called By]<UL><LI><a href="#[1d2]">&gt;&gt;</a>&nbsp;&nbsp;&nbsp;drv_pmu_topclk_xtal32m_x2_enable_and_switch
</UL>

<P><STRONG><a name="[1ce]"></a>drv_pmu_topclk_x2_enable</STRONG> (Thumb, 120 bytes, Stack size 16 bytes, drv_pmu.o(RAM_CODE), UNUSED, KEPT)
<BR><BR>[Stack]<UL><LI>Max Depth = 52<LI>Call Chain = drv_pmu_topclk_x2_enable &rArr; drv_pmu_register_step_set
</UL>
<BR>[Calls]<UL><LI><a href="#[1cf]">&gt;&gt;</a>&nbsp;&nbsp;&nbsp;drv_pmu_register_step_set
</UL>
<BR>[Called By]<UL><LI><a href="#[20b]">&gt;&gt;</a>&nbsp;&nbsp;&nbsp;drv_pmu_topclk_recalib
<LI><a href="#[1d2]">&gt;&gt;</a>&nbsp;&nbsp;&nbsp;drv_pmu_topclk_xtal32m_x2_enable_and_switch
</UL>

<P><STRONG><a name="[1cf]"></a>drv_pmu_register_step_set</STRONG> (Thumb, 268 bytes, Stack size 36 bytes, drv_pmu.o(RAM_CODE))
<BR><BR>[Stack]<UL><LI>Max Depth = 36<LI>Call Chain = drv_pmu_register_step_set
</UL>
<BR>[Called By]<UL><LI><a href="#[559]">&gt;&gt;</a>&nbsp;&nbsp;&nbsp;drv_pmu_xtal32m_change_param
<LI><a href="#[1ce]">&gt;&gt;</a>&nbsp;&nbsp;&nbsp;drv_pmu_topclk_x2_enable
<LI><a href="#[20c]">&gt;&gt;</a>&nbsp;&nbsp;&nbsp;drv_calib_repair_voltage_temperature
<LI><a href="#[34c]">&gt;&gt;</a>&nbsp;&nbsp;&nbsp;drv_cpft_init
</UL>

<P><STRONG><a name="[1d0]"></a>drv_pmu_topclk_switch_to_xtal32m_x2</STRONG> (Thumb, 88 bytes, Stack size 16 bytes, drv_pmu.o(RAM_CODE), UNUSED, KEPT)
<BR><BR>[Stack]<UL><LI>Max Depth = 16<LI>Call Chain = drv_pmu_topclk_switch_to_xtal32m_x2
</UL>
<BR>[Called By]<UL><LI><a href="#[20b]">&gt;&gt;</a>&nbsp;&nbsp;&nbsp;drv_pmu_topclk_recalib
<LI><a href="#[1d2]">&gt;&gt;</a>&nbsp;&nbsp;&nbsp;drv_pmu_topclk_xtal32m_x2_enable_and_switch
</UL>

<P><STRONG><a name="[1b3]"></a>cs_24g_switch_role</STRONG> (Thumb, 304 bytes, Stack size 24 bytes, drv_24g.o(RAM_CODE.24G))
<BR><BR>[Stack]<UL><LI>Max Depth = 24<LI>Call Chain = cs_24g_switch_role
</UL>
<BR>[Called By]<UL><LI><a href="#[1b6]">&gt;&gt;</a>&nbsp;&nbsp;&nbsp;cs_24g_write_int
<LI><a href="#[520]">&gt;&gt;</a>&nbsp;&nbsp;&nbsp;cs_24g_control
<LI><a href="#[1b8]">&gt;&gt;</a>&nbsp;&nbsp;&nbsp;cs_24g_read_int
<LI><a href="#[83]">&gt;&gt;</a>&nbsp;&nbsp;&nbsp;cs_24g_callback
<LI><a href="#[1b7]">&gt;&gt;</a>&nbsp;&nbsp;&nbsp;cs_24g_read
<LI><a href="#[1b5]">&gt;&gt;</a>&nbsp;&nbsp;&nbsp;cs_24g_write
</UL>

<P><STRONG><a name="[1b5]"></a>cs_24g_write</STRONG> (Thumb, 72 bytes, Stack size 16 bytes, drv_24g.o(RAM_CODE.24G), UNUSED, KEPT)
<BR><BR>[Stack]<UL><LI>Max Depth = 40<LI>Call Chain = cs_24g_write &rArr; cs_24g_switch_role
</UL>
<BR>[Calls]<UL><LI><a href="#[1b3]">&gt;&gt;</a>&nbsp;&nbsp;&nbsp;cs_24g_switch_role
<LI><a href="#[1b4]">&gt;&gt;</a>&nbsp;&nbsp;&nbsp;cs_24g_write_tx_payload
<LI><a href="#[1c5]">&gt;&gt;</a>&nbsp;&nbsp;&nbsp;cs_24g_ce_high_pulse
</UL>

<P><STRONG><a name="[1b6]"></a>cs_24g_write_int</STRONG> (Thumb, 56 bytes, Stack size 16 bytes, drv_24g.o(RAM_CODE.24G), UNUSED, KEPT)
<BR><BR>[Stack]<UL><LI>Max Depth = 40<LI>Call Chain = cs_24g_write_int &rArr; cs_24g_switch_role
</UL>
<BR>[Calls]<UL><LI><a href="#[1b3]">&gt;&gt;</a>&nbsp;&nbsp;&nbsp;cs_24g_switch_role
<LI><a href="#[1b4]">&gt;&gt;</a>&nbsp;&nbsp;&nbsp;cs_24g_write_tx_payload
<LI><a href="#[1c5]">&gt;&gt;</a>&nbsp;&nbsp;&nbsp;cs_24g_ce_high_pulse
</UL>

<P><STRONG><a name="[1b7]"></a>cs_24g_read</STRONG> (Thumb, 392 bytes, Stack size 40 bytes, drv_24g.o(RAM_CODE.24G), UNUSED, KEPT)
<BR><BR>[Stack]<UL><LI>Max Depth = 64<LI>Call Chain = cs_24g_read &rArr; cs_24g_switch_role
</UL>
<BR>[Calls]<UL><LI><a href="#[1b3]">&gt;&gt;</a>&nbsp;&nbsp;&nbsp;cs_24g_switch_role
<LI><a href="#[1c6]">&gt;&gt;</a>&nbsp;&nbsp;&nbsp;cs_24g_read_rx_payload_width
</UL>

<P><STRONG><a name="[1b8]"></a>cs_24g_read_int</STRONG> (Thumb, 40 bytes, Stack size 8 bytes, drv_24g.o(RAM_CODE.24G))
<BR><BR>[Stack]<UL><LI>Max Depth = 32<LI>Call Chain = cs_24g_read_int &rArr; cs_24g_switch_role
</UL>
<BR>[Calls]<UL><LI><a href="#[1b3]">&gt;&gt;</a>&nbsp;&nbsp;&nbsp;cs_24g_switch_role
</UL>
<BR>[Called By]<UL><LI><a href="#[81]">&gt;&gt;</a>&nbsp;&nbsp;&nbsp;app_24g_ble_bb_frame_ongoing_handler
<LI><a href="#[586]">&gt;&gt;</a>&nbsp;&nbsp;&nbsp;app_24g_init
</UL>

<P><STRONG><a name="[1b9]"></a>drv_cs_24g_isr</STRONG> (Thumb, 432 bytes, Stack size 24 bytes, drv_24g.o(RAM_CODE.24G))
<BR><BR>[Stack]<UL><LI>Max Depth = 24<LI>Call Chain = drv_cs_24g_isr
</UL>
<BR>[Calls]<UL><LI><a href="#[1c6]">&gt;&gt;</a>&nbsp;&nbsp;&nbsp;cs_24g_read_rx_payload_width
</UL>
<BR>[Called By]<UL><LI><a href="#[14]">&gt;&gt;</a>&nbsp;&nbsp;&nbsp;CS_24G_RF_IRQHandler
</UL>

<P><STRONG><a name="[1a7]"></a>evt_set</STRONG> (Thumb, 40 bytes, Stack size 0 bytes, evt.o(RAM_CODE.PM))
<BR><BR>[Called By]<UL><LI><a href="#[90]">&gt;&gt;</a>&nbsp;&nbsp;&nbsp;evt_timer_overflow_handler
<LI><a href="#[60d]">&gt;&gt;</a>&nbsp;&nbsp;&nbsp;evt_timer_hw_prog
<LI><a href="#[9d]">&gt;&gt;</a>&nbsp;&nbsp;&nbsp;shell_usart_cb
<LI><a href="#[1f3]">&gt;&gt;</a>&nbsp;&nbsp;&nbsp;ob_evt_set
</UL>

<P><STRONG><a name="[1a8]"></a>evt_clear</STRONG> (Thumb, 36 bytes, Stack size 0 bytes, evt.o(RAM_CODE.PM))
<BR><BR>[Called By]<UL><LI><a href="#[91]">&gt;&gt;</a>&nbsp;&nbsp;&nbsp;evt_timer_sche
<LI><a href="#[9c]">&gt;&gt;</a>&nbsp;&nbsp;&nbsp;shell_evt_handler
<LI><a href="#[1f4]">&gt;&gt;</a>&nbsp;&nbsp;&nbsp;ob_evt_schedule
</UL>

<P><STRONG><a name="[1a9]"></a>evt_get_all</STRONG> (Thumb, 8 bytes, Stack size 0 bytes, evt.o(RAM_CODE.PM), UNUSED, KEPT)

<P><STRONG><a name="[1aa]"></a>evt_schedule</STRONG> (Thumb, 56 bytes, Stack size 16 bytes, evt.o(RAM_CODE.PM))
<BR><BR>[Stack]<UL><LI>Max Depth = 16<LI>Call Chain = evt_schedule
</UL>
<BR>[Calls]<UL><LI><a href="#[1a6]">&gt;&gt;</a>&nbsp;&nbsp;&nbsp;evt_ctz
</UL>
<BR>[Called By]<UL><LI><a href="#[a2]">&gt;&gt;</a>&nbsp;&nbsp;&nbsp;vEvtScheduleTask
</UL>

<P><STRONG><a name="[1ad]"></a>pm_sleep</STRONG> (Thumb, 128 bytes, Stack size 8 bytes, pm.o(RAM_CODE.PM))
<BR><BR>[Stack]<UL><LI>Max Depth = 96<LI>Call Chain = pm_sleep &rArr; pm_sleep_enter_light_sleep &rArr; pm_sleep_enter_common_sleep &rArr; drv_pmu_sleep_enter &rArr; drv_pmu_32k_switch_to_rc &rArr; drv_calib_rc32k &rArr; drv_calib_rc32k_fast &rArr; drv_calib_rc32k_accuracy_check
</UL>
<BR>[Calls]<UL><LI><a href="#[1ac]">&gt;&gt;</a>&nbsp;&nbsp;&nbsp;pm_sleep_enter_light_sleep
<LI><a href="#[1ab]">&gt;&gt;</a>&nbsp;&nbsp;&nbsp;pm_sleep_enter_common_sleep
<LI><a href="#[1a0]">&gt;&gt;</a>&nbsp;&nbsp;&nbsp;pm_sleep_notify
<LI><a href="#[1d5]">&gt;&gt;</a>&nbsp;&nbsp;&nbsp;drv_pmu_sleep_enter
</UL>
<BR>[Called By]<UL><LI><a href="#[1b0]">&gt;&gt;</a>&nbsp;&nbsp;&nbsp;pm_power_manage
</UL>

<P><STRONG><a name="[1ae]"></a>pm_sleep_min_time_get</STRONG> (Thumb, 8 bytes, Stack size 0 bytes, pm.o(RAM_CODE.PM), UNUSED, KEPT)

<P><STRONG><a name="[1af]"></a>pm_sleep_check</STRONG> (Thumb, 48 bytes, Stack size 16 bytes, pm.o(RAM_CODE.PM))
<BR><BR>[Stack]<UL><LI>Max Depth = 56<LI>Call Chain = pm_sleep_check &rArr; pm_sleep_checker_check &rArr; drv_pmu_sleep_status &rArr; drv_pmu_gpio_lowpower_is_ready
</UL>
<BR>[Calls]<UL><LI><a href="#[1c4]">&gt;&gt;</a>&nbsp;&nbsp;&nbsp;pm_sleep_state_check
<LI><a href="#[1c3]">&gt;&gt;</a>&nbsp;&nbsp;&nbsp;pm_sleep_checker_check
</UL>
<BR>[Called By]<UL><LI><a href="#[1b0]">&gt;&gt;</a>&nbsp;&nbsp;&nbsp;pm_power_manage
</UL>

<P><STRONG><a name="[1b0]"></a>pm_power_manage</STRONG> (Thumb, 32 bytes, Stack size 8 bytes, pm.o(RAM_CODE.PM))
<BR><BR>[Stack]<UL><LI>Max Depth = 104<LI>Call Chain = pm_power_manage &rArr; pm_sleep &rArr; pm_sleep_enter_light_sleep &rArr; pm_sleep_enter_common_sleep &rArr; drv_pmu_sleep_enter &rArr; drv_pmu_32k_switch_to_rc &rArr; drv_calib_rc32k &rArr; drv_calib_rc32k_fast &rArr; drv_calib_rc32k_accuracy_check
</UL>
<BR>[Calls]<UL><LI><a href="#[1af]">&gt;&gt;</a>&nbsp;&nbsp;&nbsp;pm_sleep_check
<LI><a href="#[1ad]">&gt;&gt;</a>&nbsp;&nbsp;&nbsp;pm_sleep
</UL>
<BR>[Called By]<UL><LI><a href="#[64a]">&gt;&gt;</a>&nbsp;&nbsp;&nbsp;vPortSuppressTicksAndSleep
</UL>

<P><STRONG><a name="[1b1]"></a>drv_pmu_timer_left_time_get</STRONG> (Thumb, 60 bytes, Stack size 0 bytes, drv_pmu_timer.o(RAM_CODE.PM), UNUSED, KEPT)

<P><STRONG><a name="[1d1]"></a>drv_pmu_topclk_rc32m_power_enable</STRONG> (Thumb, 104 bytes, Stack size 8 bytes, drv_pmu.o(RAM_CODE.PM))
<BR><BR>[Stack]<UL><LI>Max Depth = 8<LI>Call Chain = drv_pmu_topclk_rc32m_power_enable
</UL>
<BR>[Called By]<UL><LI><a href="#[1a1]">&gt;&gt;</a>&nbsp;&nbsp;&nbsp;drv_pmu_sleep_leave
<LI><a href="#[547]">&gt;&gt;</a>&nbsp;&nbsp;&nbsp;OUTLINED_FUNCTION_6
<LI><a href="#[53b]">&gt;&gt;</a>&nbsp;&nbsp;&nbsp;OUTLINED_FUNCTION_2
<LI><a href="#[557]">&gt;&gt;</a>&nbsp;&nbsp;&nbsp;drv_rng_get
<LI><a href="#[34c]">&gt;&gt;</a>&nbsp;&nbsp;&nbsp;drv_cpft_init
</UL>

<P><STRONG><a name="[1d3]"></a>drv_pmu_select_32k_get</STRONG> (Thumb, 8 bytes, Stack size 0 bytes, drv_pmu.o(RAM_CODE.PM))
<BR><BR>[Called By]<UL><LI><a href="#[557]">&gt;&gt;</a>&nbsp;&nbsp;&nbsp;drv_rng_get
<LI><a href="#[5c2]">&gt;&gt;</a>&nbsp;&nbsp;&nbsp;drv_calib_repair_init
<LI><a href="#[1a3]">&gt;&gt;</a>&nbsp;&nbsp;&nbsp;drv_calib_repair_rc32k_temperature_check
</UL>

<P><STRONG><a name="[1d4]"></a>drv_pmu_sleep_status</STRONG> (Thumb, 18 bytes, Stack size 8 bytes, drv_pmu.o(RAM_CODE.PM))
<BR><BR>[Stack]<UL><LI>Max Depth = 24<LI>Call Chain = drv_pmu_sleep_status &rArr; drv_pmu_gpio_lowpower_is_ready
</UL>
<BR>[Calls]<UL><LI><a href="#[1da]">&gt;&gt;</a>&nbsp;&nbsp;&nbsp;drv_pmu_gpio_lowpower_is_ready
</UL>
<BR>[Called By]<UL><LI><a href="#[1c3]">&gt;&gt;</a>&nbsp;&nbsp;&nbsp;pm_sleep_checker_check
</UL>

<P><STRONG><a name="[1d5]"></a>drv_pmu_sleep_enter</STRONG> (Thumb, 172 bytes, Stack size 16 bytes, drv_pmu.o(RAM_CODE.PM))
<BR><BR>[Stack]<UL><LI>Max Depth = 72<LI>Call Chain = drv_pmu_sleep_enter &rArr; drv_pmu_32k_switch_to_rc &rArr; drv_calib_rc32k &rArr; drv_calib_rc32k_fast &rArr; drv_calib_rc32k_accuracy_check
</UL>
<BR>[Calls]<UL><LI><a href="#[208]">&gt;&gt;</a>&nbsp;&nbsp;&nbsp;__NVIC_SystemReset
<LI><a href="#[1db]">&gt;&gt;</a>&nbsp;&nbsp;&nbsp;drv_pmu_wakeup_pin_wait_idle
<LI><a href="#[207]">&gt;&gt;</a>&nbsp;&nbsp;&nbsp;drv_pmu_32k_switch_to_rc
</UL>
<BR>[Called By]<UL><LI><a href="#[1ab]">&gt;&gt;</a>&nbsp;&nbsp;&nbsp;pm_sleep_enter_common_sleep
<LI><a href="#[1ad]">&gt;&gt;</a>&nbsp;&nbsp;&nbsp;pm_sleep
</UL>

<P><STRONG><a name="[1a1]"></a>drv_pmu_sleep_leave</STRONG> (Thumb, 120 bytes, Stack size 16 bytes, drv_pmu.o(RAM_CODE.PM))
<BR><BR>[Stack]<UL><LI>Max Depth = 88<LI>Call Chain = drv_pmu_sleep_leave &rArr; drv_pmu_select_32k &rArr;  drv_pmu_select_32k (Cycle)
</UL>
<BR>[Calls]<UL><LI><a href="#[209]">&gt;&gt;</a>&nbsp;&nbsp;&nbsp;drv_pmu_select_32k
<LI><a href="#[1cd]">&gt;&gt;</a>&nbsp;&nbsp;&nbsp;drv_pmu_topclk_xtal32m_wait_ready
<LI><a href="#[1d1]">&gt;&gt;</a>&nbsp;&nbsp;&nbsp;drv_pmu_topclk_rc32m_power_enable
</UL>
<BR>[Address Reference Count : 1]<UL><LI> pm.o(RAM_CODE.PM)
</UL>
<P><STRONG><a name="[1d6]"></a>drv_pmu_ana_enable</STRONG> (Thumb, 384 bytes, Stack size 24 bytes, drv_pmu.o(RAM_CODE.PM))
<BR><BR>[Stack]<UL><LI>Max Depth = 24<LI>Call Chain = drv_pmu_ana_enable
</UL>
<BR>[Called By]<UL><LI><a href="#[520]">&gt;&gt;</a>&nbsp;&nbsp;&nbsp;cs_24g_control
<LI><a href="#[5be]">&gt;&gt;</a>&nbsp;&nbsp;&nbsp;drv_calib_rc32k
<LI><a href="#[20d]">&gt;&gt;</a>&nbsp;&nbsp;&nbsp;drv_calib_rf
<LI><a href="#[20a]">&gt;&gt;</a>&nbsp;&nbsp;&nbsp;drv_adc_control
<LI><a href="#[1f1]">&gt;&gt;</a>&nbsp;&nbsp;&nbsp;obc_bb_frame_ongoing
</UL>

<P><STRONG><a name="[1d7]"></a>drv_calib_rf_restore</STRONG> (Thumb, 60 bytes, Stack size 0 bytes, drv_calib.o(RAM_CODE.PM))
<BR><BR>[Called By]<UL><LI><a href="#[5bd]">&gt;&gt;</a>&nbsp;&nbsp;&nbsp;drv_calib_patch
<LI><a href="#[1a5]">&gt;&gt;</a>&nbsp;&nbsp;&nbsp;drv_calib_repair_pm_sleep_store_restore_handler
</UL>

<P><STRONG><a name="[1d8]"></a>drv_calib_sys_restore</STRONG> (Thumb, 2 bytes, Stack size 0 bytes, drv_calib.o(RAM_CODE.PM), UNUSED, KEPT)
<BR><BR>[Called By]<UL><LI><a href="#[1a5]">&gt;&gt;</a>&nbsp;&nbsp;&nbsp;drv_calib_repair_pm_sleep_store_restore_handler
</UL>

<P><STRONG><a name="[33]"></a>__main</STRONG> (Thumb, 0 bytes, Stack size unknown bytes, entry.o(.ARM.Collect$$$$00000000))
<BR>[Address Reference Count : 1]<UL><LI> startup.o(.text)
</UL>
<P><STRONG><a name="[67f]"></a>_main_stk</STRONG> (Thumb, 0 bytes, Stack size unknown bytes, entry4.o(.ARM.Collect$$$$00000003))

<P><STRONG><a name="[20f]"></a>_main_scatterload</STRONG> (Thumb, 0 bytes, Stack size unknown bytes, entry5.o(.ARM.Collect$$$$00000004))
<BR><BR>[Calls]<UL><LI><a href="#[210]">&gt;&gt;</a>&nbsp;&nbsp;&nbsp;__scatterload
</UL>

<P><STRONG><a name="[511]"></a>__main_after_scatterload</STRONG> (Thumb, 0 bytes, Stack size unknown bytes, entry5.o(.ARM.Collect$$$$00000004))
<BR><BR>[Called By]<UL><LI><a href="#[210]">&gt;&gt;</a>&nbsp;&nbsp;&nbsp;__scatterload
</UL>

<P><STRONG><a name="[680]"></a>_main_clock</STRONG> (Thumb, 0 bytes, Stack size unknown bytes, entry7b.o(.ARM.Collect$$$$00000008))

<P><STRONG><a name="[681]"></a>_main_cpp_init</STRONG> (Thumb, 0 bytes, Stack size unknown bytes, entry8b.o(.ARM.Collect$$$$0000000A))

<P><STRONG><a name="[682]"></a>_main_init</STRONG> (Thumb, 0 bytes, Stack size unknown bytes, entry9a.o(.ARM.Collect$$$$0000000B))

<P><STRONG><a name="[683]"></a>__rt_final_cpp</STRONG> (Thumb, 0 bytes, Stack size unknown bytes, entry10a.o(.ARM.Collect$$$$0000000D))

<P><STRONG><a name="[684]"></a>__rt_final_exit</STRONG> (Thumb, 0 bytes, Stack size unknown bytes, entry11a.o(.ARM.Collect$$$$0000000F))

<P><STRONG><a name="[4]"></a>Reset_Handler</STRONG> (Thumb, 12 bytes, Stack size 0 bytes, startup.o(.text))
<BR><BR>[Stack]<UL><LI>Max Depth = 72<LI>Call Chain = Reset_Handler &rArr; SystemInit &rArr; drv_gpio_init &rArr; drv_gpio_set_trig
</UL>
<BR>[Calls]<UL><LI><a href="#[211]">&gt;&gt;</a>&nbsp;&nbsp;&nbsp;SystemInit
</UL>
<BR>[Address Reference Count : 1]<UL><LI> startup.o(RESET)
</UL>
<P><STRONG><a name="[32]"></a>main</STRONG> (Thumb, 8 bytes, Stack size 0 bytes, startup.o(.text))
<BR><BR>[Stack]<UL><LI>Max Depth = 448<LI>Call Chain = main &rArr; SystemInitPost &rArr; SystemInitPostLib &rArr; drv_cpft_uninit &rArr; drv_adc_control &rArr;  drv_adc_control (Cycle)
</UL>
<BR>[Calls]<UL><LI><a href="#[212]">&gt;&gt;</a>&nbsp;&nbsp;&nbsp;SystemInitPost
</UL>
<BR>[Address Reference Count : 1]<UL><LI> entry9a.o(.ARM.Collect$$$$0000000B)
</UL>
<P><STRONG><a name="[6]"></a>HardFault_Handler</STRONG> (Thumb, 12 bytes, Stack size 0 bytes, cmb_fault.o(.text))
<BR><BR>[Stack]<UL><LI>Max Depth = 24<LI>Call Chain = HardFault_Handler &rArr; chipsea_fault
</UL>
<BR>[Calls]<UL><LI><a href="#[213]">&gt;&gt;</a>&nbsp;&nbsp;&nbsp;chipsea_fault
</UL>
<BR>[Address Reference Count : 1]<UL><LI> startup.o(RESET)
</UL>
<P><STRONG><a name="[7]"></a>MemManage_Handler</STRONG> (Thumb, 12 bytes, Stack size 0 bytes, cmb_fault.o(.text))
<BR><BR>[Stack]<UL><LI>Max Depth = 24<LI>Call Chain = MemManage_Handler &rArr; chipsea_fault
</UL>
<BR>[Calls]<UL><LI><a href="#[213]">&gt;&gt;</a>&nbsp;&nbsp;&nbsp;chipsea_fault
</UL>
<BR>[Address Reference Count : 1]<UL><LI> startup.o(RESET)
</UL>
<P><STRONG><a name="[8]"></a>BusFault_Handler</STRONG> (Thumb, 12 bytes, Stack size 0 bytes, cmb_fault.o(.text))
<BR><BR>[Stack]<UL><LI>Max Depth = 24<LI>Call Chain = BusFault_Handler &rArr; chipsea_fault
</UL>
<BR>[Calls]<UL><LI><a href="#[213]">&gt;&gt;</a>&nbsp;&nbsp;&nbsp;chipsea_fault
</UL>
<BR>[Address Reference Count : 1]<UL><LI> startup.o(RESET)
</UL>
<P><STRONG><a name="[9]"></a>UsageFault_Handler</STRONG> (Thumb, 12 bytes, Stack size 0 bytes, cmb_fault.o(.text))
<BR><BR>[Stack]<UL><LI>Max Depth = 24<LI>Call Chain = UsageFault_Handler &rArr; chipsea_fault
</UL>
<BR>[Calls]<UL><LI><a href="#[213]">&gt;&gt;</a>&nbsp;&nbsp;&nbsp;chipsea_fault
</UL>
<BR>[Address Reference Count : 1]<UL><LI> startup.o(RESET)
</UL>
<P><STRONG><a name="[a]"></a>SoftFault_Handler</STRONG> (Thumb, 12 bytes, Stack size 0 bytes, cmb_fault.o(.text))
<BR><BR>[Stack]<UL><LI>Max Depth = 24<LI>Call Chain = SoftFault_Handler &rArr; chipsea_fault
</UL>
<BR>[Calls]<UL><LI><a href="#[213]">&gt;&gt;</a>&nbsp;&nbsp;&nbsp;chipsea_fault
</UL>
<BR>[Address Reference Count : 1]<UL><LI> startup.o(RESET)
</UL>
<P><STRONG><a name="[214]"></a>ble_init</STRONG> (Thumb, 532 bytes, Stack size 80 bytes, auth_keil.o(.text))
<BR><BR>[Stack]<UL><LI>Max Depth = 312<LI>Call Chain = ble_init &rArr; cs_ble_init &rArr; cs_bc_init &rArr; obc_reset &rArr; bbb_init &rArr; bbc_init &rArr; [Anonymous Symbol] &rArr; obc_co_msg_alloc &rArr; cs_ble_mem_malloc
</UL>
<BR>[Calls]<UL><LI><a href="#[216]">&gt;&gt;</a>&nbsp;&nbsp;&nbsp;drv_sf_read
<LI><a href="#[215]">&gt;&gt;</a>&nbsp;&nbsp;&nbsp;drv_sf_read_uid_ex
<LI><a href="#[219]">&gt;&gt;</a>&nbsp;&nbsp;&nbsp;cs_gap_addr_set
<LI><a href="#[218]">&gt;&gt;</a>&nbsp;&nbsp;&nbsp;cs_ble_init
<LI><a href="#[217]">&gt;&gt;</a>&nbsp;&nbsp;&nbsp;memcmp
</UL>
<BR>[Called By]<UL><LI><a href="#[a2]">&gt;&gt;</a>&nbsp;&nbsp;&nbsp;vEvtScheduleTask
</UL>

<P><STRONG><a name="[21a]"></a>bb_init</STRONG> (Thumb, 196 bytes, Stack size 24 bytes, bb.o(.text))
<BR><BR>[Stack]<UL><LI>Max Depth = 44<LI>Call Chain = bb_init &rArr; pm_sleep_checker_callback_register
</UL>
<BR>[Calls]<UL><LI><a href="#[21c]">&gt;&gt;</a>&nbsp;&nbsp;&nbsp;pm_sleep_store_restore_callback_register
<LI><a href="#[21b]">&gt;&gt;</a>&nbsp;&nbsp;&nbsp;pm_sleep_checker_callback_register
<LI><a href="#[1e4]">&gt;&gt;</a>&nbsp;&nbsp;&nbsp;[Anonymous Symbol]
</UL>
<BR>[Called By]<UL><LI><a href="#[324]">&gt;&gt;</a>&nbsp;&nbsp;&nbsp;cs_bc_init
</UL>

<P><STRONG><a name="[237]"></a>bba_init</STRONG> (Thumb, 48 bytes, Stack size 16 bytes, bb_adv.o(.text))
<BR><BR>[Stack]<UL><LI>Max Depth = 36<LI>Call Chain = bba_init &rArr; cs_ble_mem_free
</UL>
<BR>[Calls]<UL><LI><a href="#[228]">&gt;&gt;</a>&nbsp;&nbsp;&nbsp;cs_ble_mem_free
</UL>
<BR>[Called By]<UL><LI><a href="#[249]">&gt;&gt;</a>&nbsp;&nbsp;&nbsp;bbb_init
</UL>

<P><STRONG><a name="[238]"></a>bba_start</STRONG> (Thumb, 1484 bytes, Stack size 48 bytes, bb_adv.o(.text))
<BR><BR>[Stack]<UL><LI>Max Depth = 272<LI>Call Chain = bba_start &rArr; [Anonymous Symbol] &rArr; [Anonymous Symbol] &rArr; [Anonymous Symbol] &rArr; bbp_init_info_get
</UL>
<BR>[Calls]<UL><LI><a href="#[1fe]">&gt;&gt;</a>&nbsp;&nbsp;&nbsp;obc_llt_timer_insert
<LI><a href="#[23c]">&gt;&gt;</a>&nbsp;&nbsp;&nbsp;obc_llt_params_current_fg_add
<LI><a href="#[239]">&gt;&gt;</a>&nbsp;&nbsp;&nbsp;cs_ble_mem_malloc
<LI><a href="#[1e0]">&gt;&gt;</a>&nbsp;&nbsp;&nbsp;bbb_read_clock
<LI><a href="#[23d]">&gt;&gt;</a>&nbsp;&nbsp;&nbsp;bba_duration_update
<LI><a href="#[221]">&gt;&gt;</a>&nbsp;&nbsp;&nbsp;[Anonymous Symbol]
<LI><a href="#[222]">&gt;&gt;</a>&nbsp;&nbsp;&nbsp;[Anonymous Symbol]
<LI><a href="#[220]">&gt;&gt;</a>&nbsp;&nbsp;&nbsp;[Anonymous Symbol]
<LI><a href="#[23b]">&gt;&gt;</a>&nbsp;&nbsp;&nbsp;[Anonymous Symbol]
<LI><a href="#[235]">&gt;&gt;</a>&nbsp;&nbsp;&nbsp;[Anonymous Symbol]
<LI><a href="#[231]">&gt;&gt;</a>&nbsp;&nbsp;&nbsp;[Anonymous Symbol]
<LI><a href="#[22a]">&gt;&gt;</a>&nbsp;&nbsp;&nbsp;[Anonymous Symbol]
<LI><a href="#[23a]">&gt;&gt;</a>&nbsp;&nbsp;&nbsp;__aeabi_memclr4
<LI><a href="#[21f]">&gt;&gt;</a>&nbsp;&nbsp;&nbsp;rand
</UL>
<BR>[Called By]<UL><LI><a href="#[141]">&gt;&gt;</a>&nbsp;&nbsp;&nbsp;hci_le_set_ext_adv_en_cmd_handler
<LI><a href="#[154]">&gt;&gt;</a>&nbsp;&nbsp;&nbsp;hci_le_set_adv_en_cmd_handler
</UL>

<P><STRONG><a name="[23d]"></a>bba_duration_update</STRONG> (Thumb, 64 bytes, Stack size 0 bytes, bb_adv.o(.text))
<BR><BR>[Called By]<UL><LI><a href="#[238]">&gt;&gt;</a>&nbsp;&nbsp;&nbsp;bba_start
</UL>

<P><STRONG><a name="[23f]"></a>bba_stop</STRONG> (Thumb, 112 bytes, Stack size 24 bytes, bb_adv.o(.text))
<BR><BR>[Stack]<UL><LI>Max Depth = 112<LI>Call Chain = bba_stop &rArr; [Anonymous Symbol] &rArr; obc_co_msg_alloc &rArr; cs_ble_mem_malloc
</UL>
<BR>[Calls]<UL><LI><a href="#[21e]">&gt;&gt;</a>&nbsp;&nbsp;&nbsp;[Anonymous Symbol]
</UL>
<BR>[Called By]<UL><LI><a href="#[141]">&gt;&gt;</a>&nbsp;&nbsp;&nbsp;hci_le_set_ext_adv_en_cmd_handler
<LI><a href="#[154]">&gt;&gt;</a>&nbsp;&nbsp;&nbsp;hci_le_set_adv_en_cmd_handler
</UL>

<P><STRONG><a name="[240]"></a>bba_adv_data_update</STRONG> (Thumb, 44 bytes, Stack size 16 bytes, bb_adv.o(.text))
<BR><BR>[Stack]<UL><LI>Max Depth = 240<LI>Call Chain = bba_adv_data_update &rArr; [Anonymous Symbol] &rArr; [Anonymous Symbol] &rArr; [Anonymous Symbol] &rArr; bbp_init_info_get
</UL>
<BR>[Calls]<UL><LI><a href="#[220]">&gt;&gt;</a>&nbsp;&nbsp;&nbsp;[Anonymous Symbol]
</UL>
<BR>[Called By]<UL><LI><a href="#[143]">&gt;&gt;</a>&nbsp;&nbsp;&nbsp;hci_le_set_ext_adv_data_cmd_handler
<LI><a href="#[153]">&gt;&gt;</a>&nbsp;&nbsp;&nbsp;hci_le_set_adv_data_cmd_handler
</UL>

<P><STRONG><a name="[241]"></a>bba_scan_rsp_data_update</STRONG> (Thumb, 44 bytes, Stack size 16 bytes, bb_adv.o(.text))
<BR><BR>[Stack]<UL><LI>Max Depth = 240<LI>Call Chain = bba_scan_rsp_data_update &rArr; [Anonymous Symbol] &rArr; [Anonymous Symbol] &rArr; [Anonymous Symbol] &rArr; bbp_init_info_get
</UL>
<BR>[Calls]<UL><LI><a href="#[221]">&gt;&gt;</a>&nbsp;&nbsp;&nbsp;[Anonymous Symbol]
</UL>
<BR>[Called By]<UL><LI><a href="#[155]">&gt;&gt;</a>&nbsp;&nbsp;&nbsp;hci_le_set_scan_rsp_data_cmd_handler
<LI><a href="#[158]">&gt;&gt;</a>&nbsp;&nbsp;&nbsp;hci_le_set_ext_scan_rsp_data_cmd_handler
</UL>

<P><STRONG><a name="[242]"></a>bba_new_data_release</STRONG> (Thumb, 52 bytes, Stack size 16 bytes, bb_adv.o(.text))
<BR><BR>[Stack]<UL><LI>Max Depth = 24<LI>Call Chain = bba_new_data_release &rArr; llb_adv_tx_free
</UL>
<BR>[Calls]<UL><LI><a href="#[22e]">&gt;&gt;</a>&nbsp;&nbsp;&nbsp;llb_adv_tx_free
</UL>
<BR>[Called By]<UL><LI><a href="#[158]">&gt;&gt;</a>&nbsp;&nbsp;&nbsp;hci_le_set_ext_scan_rsp_data_cmd_handler
<LI><a href="#[143]">&gt;&gt;</a>&nbsp;&nbsp;&nbsp;hci_le_set_ext_adv_data_cmd_handler
</UL>

<P><STRONG><a name="[48e]"></a>bba_rand_addr_update</STRONG> (Thumb, 56 bytes, Stack size 20 bytes, bb_adv.o(.text))
<BR><BR>[Stack]<UL><LI>Max Depth = 20<LI>Call Chain = bba_rand_addr_update
</UL>
<BR>[Called By]<UL><LI><a href="#[157]">&gt;&gt;</a>&nbsp;&nbsp;&nbsp;hci_le_set_adv_set_rand_addr_cmd_handler
</UL>

<P><STRONG><a name="[492]"></a>bba_restart</STRONG> (Thumb, 76 bytes, Stack size 8 bytes, bb_adv.o(.text))
<BR><BR>[Stack]<UL><LI>Max Depth = 8<LI>Call Chain = bba_restart
</UL>
<BR>[Called By]<UL><LI><a href="#[141]">&gt;&gt;</a>&nbsp;&nbsp;&nbsp;hci_le_set_ext_adv_en_cmd_handler
</UL>

<P><STRONG><a name="[494]"></a>bba_sync_info_update</STRONG> (Thumb, 40 bytes, Stack size 8 bytes, bb_adv.o(.text))
<BR><BR>[Stack]<UL><LI>Max Depth = 8<LI>Call Chain = bba_sync_info_update
</UL>
<BR>[Called By]<UL><LI><a href="#[15f]">&gt;&gt;</a>&nbsp;&nbsp;&nbsp;hci_le_set_per_adv_en_cmd_handler
<LI><a href="#[141]">&gt;&gt;</a>&nbsp;&nbsp;&nbsp;hci_le_set_ext_adv_en_cmd_handler
</UL>

<P><STRONG><a name="[246]"></a>bbb_rxdesc_reset</STRONG> (Thumb, 176 bytes, Stack size 24 bytes, bb_base.o(.text))
<BR><BR>[Stack]<UL><LI>Max Depth = 32<LI>Call Chain = bbb_rxdesc_reset &rArr; llb_rx_alloc
</UL>
<BR>[Calls]<UL><LI><a href="#[248]">&gt;&gt;</a>&nbsp;&nbsp;&nbsp;llb_rx_alloc
<LI><a href="#[247]">&gt;&gt;</a>&nbsp;&nbsp;&nbsp;[Anonymous Symbol]
</UL>
<BR>[Called By]<UL><LI><a href="#[4e8]">&gt;&gt;</a>&nbsp;&nbsp;&nbsp;obc_sw_half_reset
</UL>

<P><STRONG><a name="[1dd]"></a>bbb_rxdesc_free</STRONG> (Thumb, 200 bytes, Stack size 24 bytes, bb_base.o(.text))
<BR><BR>[Stack]<UL><LI>Max Depth = 32<LI>Call Chain = bbb_rxdesc_free &rArr; llb_rx_alloc
</UL>
<BR>[Calls]<UL><LI><a href="#[248]">&gt;&gt;</a>&nbsp;&nbsp;&nbsp;llb_rx_alloc
</UL>
<BR>[Called By]<UL><LI><a href="#[44]">&gt;&gt;</a>&nbsp;&nbsp;&nbsp;[Anonymous Symbol]
<LI><a href="#[1e3]">&gt;&gt;</a>&nbsp;&nbsp;&nbsp;[Anonymous Symbol]
<LI><a href="#[37]">&gt;&gt;</a>&nbsp;&nbsp;&nbsp;[Anonymous Symbol]
</UL>

<P><STRONG><a name="[1de]"></a>bbb_rxdesc_check</STRONG> (Thumb, 124 bytes, Stack size 16 bytes, bb_base.o(.text))
<BR><BR>[Stack]<UL><LI>Max Depth = 16<LI>Call Chain = bbb_rxdesc_check
</UL>
<BR>[Called By]<UL><LI><a href="#[44]">&gt;&gt;</a>&nbsp;&nbsp;&nbsp;[Anonymous Symbol]
<LI><a href="#[1e3]">&gt;&gt;</a>&nbsp;&nbsp;&nbsp;[Anonymous Symbol]
<LI><a href="#[37]">&gt;&gt;</a>&nbsp;&nbsp;&nbsp;[Anonymous Symbol]
</UL>

<P><STRONG><a name="[1df]"></a>bbb_channel_assess</STRONG> (Thumb, 44 bytes, Stack size 16 bytes, bb_base.o(.text))
<BR><BR>[Stack]<UL><LI>Max Depth = 16<LI>Call Chain = bbb_channel_assess
</UL>
<BR>[Called By]<UL><LI><a href="#[1e3]">&gt;&gt;</a>&nbsp;&nbsp;&nbsp;[Anonymous Symbol]
</UL>

<P><STRONG><a name="[1e0]"></a>bbb_read_clock</STRONG> (Thumb, 4 bytes, Stack size 0 bytes, bb_base.o(.text))
<BR><BR>[Calls]<UL><LI><a href="#[1f8]">&gt;&gt;</a>&nbsp;&nbsp;&nbsp;obc_time_32k_get
</UL>
<BR>[Called By]<UL><LI><a href="#[280]">&gt;&gt;</a>&nbsp;&nbsp;&nbsp;bbt_start
<LI><a href="#[271]">&gt;&gt;</a>&nbsp;&nbsp;&nbsp;bbp_start
<LI><a href="#[25c]">&gt;&gt;</a>&nbsp;&nbsp;&nbsp;bbc_start
<LI><a href="#[260]">&gt;&gt;</a>&nbsp;&nbsp;&nbsp;bbc_llcp_tx
<LI><a href="#[263]">&gt;&gt;</a>&nbsp;&nbsp;&nbsp;bbc_data_tx
<LI><a href="#[265]">&gt;&gt;</a>&nbsp;&nbsp;&nbsp;bbc_data_flow_set
<LI><a href="#[3c]">&gt;&gt;</a>&nbsp;&nbsp;&nbsp;[Anonymous Symbol]
<LI><a href="#[1e3]">&gt;&gt;</a>&nbsp;&nbsp;&nbsp;[Anonymous Symbol]
<LI><a href="#[3e]">&gt;&gt;</a>&nbsp;&nbsp;&nbsp;[Anonymous Symbol]
<LI><a href="#[238]">&gt;&gt;</a>&nbsp;&nbsp;&nbsp;bba_start
<LI><a href="#[47e]">&gt;&gt;</a>&nbsp;&nbsp;&nbsp;llm_ch_map_update
</UL>

<P><STRONG><a name="[249]"></a>bbb_init</STRONG> (Thumb, 572 bytes, Stack size 40 bytes, bb_base.o(.text))
<BR><BR>[Stack]<UL><LI>Max Depth = 152<LI>Call Chain = bbb_init &rArr; bbc_init &rArr; [Anonymous Symbol] &rArr; obc_co_msg_alloc &rArr; cs_ble_mem_malloc
</UL>
<BR>[Calls]<UL><LI><a href="#[248]">&gt;&gt;</a>&nbsp;&nbsp;&nbsp;llb_rx_alloc
<LI><a href="#[24c]">&gt;&gt;</a>&nbsp;&nbsp;&nbsp;bbt_init
<LI><a href="#[24b]">&gt;&gt;</a>&nbsp;&nbsp;&nbsp;bbp_init
<LI><a href="#[24d]">&gt;&gt;</a>&nbsp;&nbsp;&nbsp;bbc_init
<LI><a href="#[247]">&gt;&gt;</a>&nbsp;&nbsp;&nbsp;[Anonymous Symbol]
<LI><a href="#[24a]">&gt;&gt;</a>&nbsp;&nbsp;&nbsp;[Anonymous Symbol]
<LI><a href="#[237]">&gt;&gt;</a>&nbsp;&nbsp;&nbsp;bba_init
<LI><a href="#[23a]">&gt;&gt;</a>&nbsp;&nbsp;&nbsp;__aeabi_memclr4
<LI><a href="#[21f]">&gt;&gt;</a>&nbsp;&nbsp;&nbsp;rand
</UL>
<BR>[Called By]<UL><LI><a href="#[324]">&gt;&gt;</a>&nbsp;&nbsp;&nbsp;cs_bc_init
<LI><a href="#[49b]">&gt;&gt;</a>&nbsp;&nbsp;&nbsp;obc_reset
</UL>

<P><STRONG><a name="[47f]"></a>bbb_ch_assess_data_get</STRONG> (Thumb, 4 bytes, Stack size 0 bytes, bb_base.o(.text))
<BR><BR>[Called By]<UL><LI><a href="#[47e]">&gt;&gt;</a>&nbsp;&nbsp;&nbsp;llm_ch_map_update
</UL>

<P><STRONG><a name="[47c]"></a>bbb_white_list_add</STRONG> (Thumb, 80 bytes, Stack size 16 bytes, bb_base.o(.text))
<BR><BR>[Stack]<UL><LI>Max Depth = 16<LI>Call Chain = bbb_white_list_add
</UL>
<BR>[Called By]<UL><LI><a href="#[163]">&gt;&gt;</a>&nbsp;&nbsp;&nbsp;[Anonymous Symbol]
<LI><a href="#[433]">&gt;&gt;</a>&nbsp;&nbsp;&nbsp;llm_link_disc
</UL>

<P><STRONG><a name="[24e]"></a>bbb_white_list_rem</STRONG> (Thumb, 44 bytes, Stack size 0 bytes, bb_base.o(.text))
<BR><BR>[Calls]<UL><LI><a href="#[24f]">&gt;&gt;</a>&nbsp;&nbsp;&nbsp;[Anonymous Symbol]
</UL>
<BR>[Called By]<UL><LI><a href="#[164]">&gt;&gt;</a>&nbsp;&nbsp;&nbsp;[Anonymous Symbol]
<LI><a href="#[162]">&gt;&gt;</a>&nbsp;&nbsp;&nbsp;[Anonymous Symbol]
<LI><a href="#[17f]">&gt;&gt;</a>&nbsp;&nbsp;&nbsp;bba_end_ind_handler
</UL>

<P><STRONG><a name="[250]"></a>bbb_aa_gen</STRONG> (Thumb, 176 bytes, Stack size 32 bytes, bb_base.o(.text))
<BR><BR>[Stack]<UL><LI>Max Depth = 32<LI>Call Chain = bbb_aa_gen
</UL>
<BR>[Calls]<UL><LI><a href="#[21f]">&gt;&gt;</a>&nbsp;&nbsp;&nbsp;rand
</UL>
<BR>[Called By]<UL><LI><a href="#[271]">&gt;&gt;</a>&nbsp;&nbsp;&nbsp;bbp_start
</UL>

<P><STRONG><a name="[480]"></a>bbb_ch_map_set</STRONG> (Thumb, 60 bytes, Stack size 16 bytes, bb_base.o(.text))
<BR><BR>[Stack]<UL><LI>Max Depth = 16<LI>Call Chain = bbb_ch_map_set
</UL>
<BR>[Called By]<UL><LI><a href="#[47e]">&gt;&gt;</a>&nbsp;&nbsp;&nbsp;llm_ch_map_update
</UL>

<P><STRONG><a name="[223]"></a>bbb_ch_idx_get</STRONG> (Thumb, 36 bytes, Stack size 8 bytes, bb_base.o(.text))
<BR><BR>[Stack]<UL><LI>Max Depth = 8<LI>Call Chain = bbb_ch_idx_get
</UL>
<BR>[Calls]<UL><LI><a href="#[21f]">&gt;&gt;</a>&nbsp;&nbsp;&nbsp;rand
</UL>
<BR>[Called By]<UL><LI><a href="#[27f]">&gt;&gt;</a>&nbsp;&nbsp;&nbsp;[Anonymous Symbol]
<LI><a href="#[272]">&gt;&gt;</a>&nbsp;&nbsp;&nbsp;[Anonymous Symbol]
<LI><a href="#[37]">&gt;&gt;</a>&nbsp;&nbsp;&nbsp;[Anonymous Symbol]
<LI><a href="#[222]">&gt;&gt;</a>&nbsp;&nbsp;&nbsp;[Anonymous Symbol]
</UL>

<P><STRONG><a name="[25c]"></a>bbc_start</STRONG> (Thumb, 908 bytes, Stack size 56 bytes, bb_con.o(.text))
<BR><BR>[Stack]<UL><LI>Max Depth = 208<LI>Call Chain = bbc_start &rArr; [Anonymous Symbol] &rArr; [Anonymous Symbol] &rArr; obc_co_msg_alloc &rArr; cs_ble_mem_malloc
</UL>
<BR>[Calls]<UL><LI><a href="#[25d]">&gt;&gt;</a>&nbsp;&nbsp;&nbsp;obc_llt_params_current_per_add
<LI><a href="#[1e3]">&gt;&gt;</a>&nbsp;&nbsp;&nbsp;[Anonymous Symbol]
<LI><a href="#[1e2]">&gt;&gt;</a>&nbsp;&nbsp;&nbsp;[Anonymous Symbol]
<LI><a href="#[25a]">&gt;&gt;</a>&nbsp;&nbsp;&nbsp;[Anonymous Symbol]
<LI><a href="#[1e9]">&gt;&gt;</a>&nbsp;&nbsp;&nbsp;obc_co_clk_add_bs
<LI><a href="#[239]">&gt;&gt;</a>&nbsp;&nbsp;&nbsp;cs_ble_mem_malloc
<LI><a href="#[1e0]">&gt;&gt;</a>&nbsp;&nbsp;&nbsp;bbb_read_clock
<LI><a href="#[23a]">&gt;&gt;</a>&nbsp;&nbsp;&nbsp;__aeabi_memclr4
</UL>
<BR>[Called By]<UL><LI><a href="#[3fe]">&gt;&gt;</a>&nbsp;&nbsp;&nbsp;llc_start
</UL>

<P><STRONG><a name="[25f]"></a>bbc_stop</STRONG> (Thumb, 68 bytes, Stack size 16 bytes, bb_con.o(.text))
<BR><BR>[Stack]<UL><LI>Max Depth = 112<LI>Call Chain = bbc_stop &rArr; [Anonymous Symbol] &rArr; obc_co_msg_alloc &rArr; cs_ble_mem_malloc
</UL>
<BR>[Calls]<UL><LI><a href="#[252]">&gt;&gt;</a>&nbsp;&nbsp;&nbsp;[Anonymous Symbol]
<LI><a href="#[1ff]">&gt;&gt;</a>&nbsp;&nbsp;&nbsp;obc_llt_timer_del
</UL>
<BR>[Called By]<UL><LI><a href="#[42f]">&gt;&gt;</a>&nbsp;&nbsp;&nbsp;llc_disconnect
</UL>

<P><STRONG><a name="[260]"></a>bbc_llcp_tx</STRONG> (Thumb, 232 bytes, Stack size 32 bytes, bb_con.o(.text))
<BR><BR>[Stack]<UL><LI>Max Depth = 184<LI>Call Chain = bbc_llcp_tx &rArr; [Anonymous Symbol] &rArr; [Anonymous Symbol] &rArr; [Anonymous Symbol] &rArr; obc_co_msg_alloc &rArr; cs_ble_mem_malloc
</UL>
<BR>[Calls]<UL><LI><a href="#[258]">&gt;&gt;</a>&nbsp;&nbsp;&nbsp;[Anonymous Symbol]
<LI><a href="#[262]">&gt;&gt;</a>&nbsp;&nbsp;&nbsp;[Anonymous Symbol]
<LI><a href="#[261]">&gt;&gt;</a>&nbsp;&nbsp;&nbsp;[Anonymous Symbol]
<LI><a href="#[1e0]">&gt;&gt;</a>&nbsp;&nbsp;&nbsp;bbb_read_clock
</UL>
<BR>[Called By]<UL><LI><a href="#[3fd]">&gt;&gt;</a>&nbsp;&nbsp;&nbsp;llc_llcp_tx_check
</UL>

<P><STRONG><a name="[263]"></a>bbc_data_tx</STRONG> (Thumb, 236 bytes, Stack size 32 bytes, bb_con.o(.text))
<BR><BR>[Stack]<UL><LI>Max Depth = 184<LI>Call Chain = bbc_data_tx &rArr; [Anonymous Symbol] &rArr; [Anonymous Symbol] &rArr; [Anonymous Symbol] &rArr; obc_co_msg_alloc &rArr; cs_ble_mem_malloc
</UL>
<BR>[Calls]<UL><LI><a href="#[264]">&gt;&gt;</a>&nbsp;&nbsp;&nbsp;obc_co_list_push_back
<LI><a href="#[258]">&gt;&gt;</a>&nbsp;&nbsp;&nbsp;[Anonymous Symbol]
<LI><a href="#[262]">&gt;&gt;</a>&nbsp;&nbsp;&nbsp;[Anonymous Symbol]
<LI><a href="#[25e]">&gt;&gt;</a>&nbsp;&nbsp;&nbsp;[Anonymous Symbol]
<LI><a href="#[261]">&gt;&gt;</a>&nbsp;&nbsp;&nbsp;[Anonymous Symbol]
<LI><a href="#[1e0]">&gt;&gt;</a>&nbsp;&nbsp;&nbsp;bbb_read_clock
</UL>
<BR>[Called By]<UL><LI><a href="#[12a]">&gt;&gt;</a>&nbsp;&nbsp;&nbsp;hci_acl_data_handler
</UL>

<P><STRONG><a name="[265]"></a>bbc_data_flow_set</STRONG> (Thumb, 160 bytes, Stack size 32 bytes, bb_con.o(.text))
<BR><BR>[Stack]<UL><LI>Max Depth = 184<LI>Call Chain = bbc_data_flow_set &rArr; [Anonymous Symbol] &rArr; [Anonymous Symbol] &rArr; [Anonymous Symbol] &rArr; obc_co_msg_alloc &rArr; cs_ble_mem_malloc
</UL>
<BR>[Calls]<UL><LI><a href="#[258]">&gt;&gt;</a>&nbsp;&nbsp;&nbsp;[Anonymous Symbol]
<LI><a href="#[266]">&gt;&gt;</a>&nbsp;&nbsp;&nbsp;[Anonymous Symbol]
<LI><a href="#[262]">&gt;&gt;</a>&nbsp;&nbsp;&nbsp;[Anonymous Symbol]
<LI><a href="#[1ff]">&gt;&gt;</a>&nbsp;&nbsp;&nbsp;obc_llt_timer_del
<LI><a href="#[1e0]">&gt;&gt;</a>&nbsp;&nbsp;&nbsp;bbb_read_clock
</UL>
<BR>[Called By]<UL><LI><a href="#[43f]">&gt;&gt;</a>&nbsp;&nbsp;&nbsp;[Anonymous Symbol]
<LI><a href="#[44f]">&gt;&gt;</a>&nbsp;&nbsp;&nbsp;[Anonymous Symbol]
</UL>

<P><STRONG><a name="[421]"></a>bbc_param_update</STRONG> (Thumb, 96 bytes, Stack size 20 bytes, bb_con.o(.text))
<BR><BR>[Stack]<UL><LI>Max Depth = 20<LI>Call Chain = bbc_param_update
</UL>
<BR>[Called By]<UL><LI><a href="#[418]">&gt;&gt;</a>&nbsp;&nbsp;&nbsp;[Anonymous Symbol]
<LI><a href="#[416]">&gt;&gt;</a>&nbsp;&nbsp;&nbsp;[Anonymous Symbol]
</UL>

<P><STRONG><a name="[40e]"></a>bbc_ch_map_update</STRONG> (Thumb, 60 bytes, Stack size 8 bytes, bb_con.o(.text))
<BR><BR>[Stack]<UL><LI>Max Depth = 8<LI>Call Chain = bbc_ch_map_update
</UL>
<BR>[Called By]<UL><LI><a href="#[409]">&gt;&gt;</a>&nbsp;&nbsp;&nbsp;[Anonymous Symbol]
<LI><a href="#[40b]">&gt;&gt;</a>&nbsp;&nbsp;&nbsp;[Anonymous Symbol]
</UL>

<P><STRONG><a name="[267]"></a>bbc_data_len_update</STRONG> (Thumb, 64 bytes, Stack size 16 bytes, bb_con.o(.text))
<BR><BR>[Stack]<UL><LI>Max Depth = 68<LI>Call Chain = bbc_data_len_update &rArr; [Anonymous Symbol] &rArr; obc_llt_params_current_per_add &rArr; obc_llt_params_current_compute
</UL>
<BR>[Calls]<UL><LI><a href="#[268]">&gt;&gt;</a>&nbsp;&nbsp;&nbsp;[Anonymous Symbol]
<LI><a href="#[25a]">&gt;&gt;</a>&nbsp;&nbsp;&nbsp;[Anonymous Symbol]
</UL>
<BR>[Called By]<UL><LI><a href="#[123]">&gt;&gt;</a>&nbsp;&nbsp;&nbsp;ll_length_req_handler
<LI><a href="#[439]">&gt;&gt;</a>&nbsp;&nbsp;&nbsp;[Anonymous Symbol]
</UL>

<P><STRONG><a name="[269]"></a>bbc_phys_update</STRONG> (Thumb, 84 bytes, Stack size 16 bytes, bb_con.o(.text))
<BR><BR>[Stack]<UL><LI>Max Depth = 32<LI>Call Chain = bbc_phys_update &rArr; [Anonymous Symbol]
</UL>
<BR>[Calls]<UL><LI><a href="#[268]">&gt;&gt;</a>&nbsp;&nbsp;&nbsp;[Anonymous Symbol]
</UL>
<BR>[Called By]<UL><LI><a href="#[469]">&gt;&gt;</a>&nbsp;&nbsp;&nbsp;[Anonymous Symbol]
<LI><a href="#[46d]">&gt;&gt;</a>&nbsp;&nbsp;&nbsp;[Anonymous Symbol]
</UL>

<P><STRONG><a name="[419]"></a>bbc_tx_len_update_for_intv</STRONG> (Thumb, 28 bytes, Stack size 0 bytes, bb_con.o(.text))
<BR><BR>[Called By]<UL><LI><a href="#[418]">&gt;&gt;</a>&nbsp;&nbsp;&nbsp;[Anonymous Symbol]
<LI><a href="#[416]">&gt;&gt;</a>&nbsp;&nbsp;&nbsp;[Anonymous Symbol]
</UL>

<P><STRONG><a name="[26a]"></a>bbc_tx_len_update_for_rate</STRONG> (Thumb, 68 bytes, Stack size 16 bytes, bb_con.o(.text))
<BR><BR>[Stack]<UL><LI>Max Depth = 32<LI>Call Chain = bbc_tx_len_update_for_rate &rArr; [Anonymous Symbol]
</UL>
<BR>[Calls]<UL><LI><a href="#[268]">&gt;&gt;</a>&nbsp;&nbsp;&nbsp;[Anonymous Symbol]
</UL>
<BR>[Called By]<UL><LI><a href="#[469]">&gt;&gt;</a>&nbsp;&nbsp;&nbsp;[Anonymous Symbol]
<LI><a href="#[46d]">&gt;&gt;</a>&nbsp;&nbsp;&nbsp;[Anonymous Symbol]
<LI><a href="#[46b]">&gt;&gt;</a>&nbsp;&nbsp;&nbsp;[Anonymous Symbol]
</UL>

<P><STRONG><a name="[413]"></a>bbc_event_counter_get</STRONG> (Thumb, 32 bytes, Stack size 0 bytes, bb_con.o(.text))
<BR><BR>[Called By]<UL><LI><a href="#[46d]">&gt;&gt;</a>&nbsp;&nbsp;&nbsp;[Anonymous Symbol]
<LI><a href="#[416]">&gt;&gt;</a>&nbsp;&nbsp;&nbsp;[Anonymous Symbol]
<LI><a href="#[40b]">&gt;&gt;</a>&nbsp;&nbsp;&nbsp;[Anonymous Symbol]
</UL>

<P><STRONG><a name="[42d]"></a>bbc_activity_offset_compute</STRONG> (Thumb, 132 bytes, Stack size 20 bytes, bb_con.o(.text))
<BR><BR>[Stack]<UL><LI>Max Depth = 20<LI>Call Chain = bbc_activity_offset_compute
</UL>
<BR>[Called By]<UL><LI><a href="#[41b]">&gt;&gt;</a>&nbsp;&nbsp;&nbsp;[Anonymous Symbol]
</UL>

<P><STRONG><a name="[26b]"></a>bbc_tx_enc</STRONG> (Thumb, 48 bytes, Stack size 8 bytes, bb_con.o(.text))
<BR><BR>[Stack]<UL><LI>Max Depth = 8<LI>Call Chain = bbc_tx_enc
</UL>
<BR>[Calls]<UL><LI><a href="#[26c]">&gt;&gt;</a>&nbsp;&nbsp;&nbsp;[Anonymous Symbol]
</UL>
<BR>[Called By]<UL><LI><a href="#[43f]">&gt;&gt;</a>&nbsp;&nbsp;&nbsp;[Anonymous Symbol]
<LI><a href="#[44f]">&gt;&gt;</a>&nbsp;&nbsp;&nbsp;[Anonymous Symbol]
</UL>

<P><STRONG><a name="[26d]"></a>bbc_rx_enc</STRONG> (Thumb, 48 bytes, Stack size 8 bytes, bb_con.o(.text))
<BR><BR>[Stack]<UL><LI>Max Depth = 8<LI>Call Chain = bbc_rx_enc
</UL>
<BR>[Calls]<UL><LI><a href="#[26c]">&gt;&gt;</a>&nbsp;&nbsp;&nbsp;[Anonymous Symbol]
</UL>
<BR>[Called By]<UL><LI><a href="#[43f]">&gt;&gt;</a>&nbsp;&nbsp;&nbsp;[Anonymous Symbol]
<LI><a href="#[44f]">&gt;&gt;</a>&nbsp;&nbsp;&nbsp;[Anonymous Symbol]
</UL>

<P><STRONG><a name="[459]"></a>bbc_enc_key_load</STRONG> (Thumb, 100 bytes, Stack size 20 bytes, bb_con.o(.text))
<BR><BR>[Stack]<UL><LI>Max Depth = 20<LI>Call Chain = bbc_enc_key_load
</UL>
<BR>[Called By]<UL><LI><a href="#[449]">&gt;&gt;</a>&nbsp;&nbsp;&nbsp;[Anonymous Symbol]
</UL>

<P><STRONG><a name="[26e]"></a>bbc_current_tx_power_get</STRONG> (Thumb, 44 bytes, Stack size 8 bytes, bb_con.o(.text))
<BR><BR>[Stack]<UL><LI>Max Depth = 8<LI>Call Chain = bbc_current_tx_power_get
</UL>
<BR>[Calls]<UL><LI><a href="#[26c]">&gt;&gt;</a>&nbsp;&nbsp;&nbsp;[Anonymous Symbol]
</UL>
<BR>[Called By]<UL><LI><a href="#[10f]">&gt;&gt;</a>&nbsp;&nbsp;&nbsp;hci_rd_tx_pwr_lvl_cmd_handler
</UL>

<P><STRONG><a name="[462]"></a>bbc_rssi_get</STRONG> (Thumb, 32 bytes, Stack size 0 bytes, bb_con.o(.text))
<BR><BR>[Called By]<UL><LI><a href="#[110]">&gt;&gt;</a>&nbsp;&nbsp;&nbsp;hci_rd_rssi_cmd_handler
</UL>

<P><STRONG><a name="[429]"></a>bbc_offset_get</STRONG> (Thumb, 64 bytes, Stack size 0 bytes, bb_con.o(.text))
<BR><BR>[Called By]<UL><LI><a href="#[41b]">&gt;&gt;</a>&nbsp;&nbsp;&nbsp;[Anonymous Symbol]
<LI><a href="#[41e]">&gt;&gt;</a>&nbsp;&nbsp;&nbsp;[Anonymous Symbol]
</UL>

<P><STRONG><a name="[464]"></a>bbc_pref_slave_latency_set</STRONG> (Thumb, 40 bytes, Stack size 0 bytes, bb_con.o(.text))
<BR><BR>[Called By]<UL><LI><a href="#[10d]">&gt;&gt;</a>&nbsp;&nbsp;&nbsp;hci_vs_set_pref_slave_latency_cmd_handler
</UL>

[...]
</UL>
<BR>[Calls]<UL><LI><a href="#[4b3]">&gt;&gt;</a>&nbsp;&nbsp;&nbsp;[Anonymous Symbol]
<LI><a href="#[4b4]">&gt;&gt;</a>&nbsp;&nbsp;&nbsp;[Anonymous Symbol]
</UL>
<BR>[Called By]<UL><LI><a href="#[4a8]">&gt;&gt;</a>&nbsp;&nbsp;&nbsp;nvds_init
<LI><a href="#[4c0]">&gt;&gt;</a>&nbsp;&nbsp;&nbsp;[Anonymous Symbol]
</UL>

<P><STRONG><a name="[4b1]"></a>[Anonymous Symbol]</STRONG> (Thumb, 140 bytes, Stack size 48 bytes, nvds.o(.text))
<BR><BR>[Stack]<UL><LI>Max Depth = 224<LI>Call Chain = [Anonymous Symbol] &rArr; [Anonymous Symbol] &rArr; [Anonymous Symbol] &rArr; [Anonymous Symbol] &rArr; [Anonymous Symbol] &rArr; drv_sf_read
</UL>
<BR>[Calls]<UL><LI><a href="#[4b3]">&gt;&gt;</a>&nbsp;&nbsp;&nbsp;[Anonymous Symbol]
<LI><a href="#[4b4]">&gt;&gt;</a>&nbsp;&nbsp;&nbsp;[Anonymous Symbol]
</UL>
<BR>[Called By]<UL><LI><a href="#[4a8]">&gt;&gt;</a>&nbsp;&nbsp;&nbsp;nvds_init
<LI><a href="#[4c0]">&gt;&gt;</a>&nbsp;&nbsp;&nbsp;[Anonymous Symbol]
</UL>

<P><STRONG><a name="[4c4]"></a>[Anonymous Symbol]</STRONG> (Thumb, 170 bytes, Stack size 80 bytes, nvds.o(.text))
<BR><BR>[Stack]<UL><LI>Max Depth = 144<LI>Call Chain = [Anonymous Symbol] &rArr; [Anonymous Symbol] &rArr; drv_sf_read
</UL>
<BR>[Calls]<UL><LI><a href="#[23a]">&gt;&gt;</a>&nbsp;&nbsp;&nbsp;__aeabi_memclr4
<LI><a href="#[4b6]">&gt;&gt;</a>&nbsp;&nbsp;&nbsp;[Anonymous Symbol]
<LI><a href="#[4be]">&gt;&gt;</a>&nbsp;&nbsp;&nbsp;[Anonymous Symbol]
</UL>
<BR>[Called By]<UL><LI><a href="#[4b7]">&gt;&gt;</a>&nbsp;&nbsp;&nbsp;[Anonymous Symbol]
</UL>

<P><STRONG><a name="[4be]"></a>[Anonymous Symbol]</STRONG> (Thumb, 24 bytes, Stack size 8 bytes, nvds.o(.text))
<BR><BR>[Stack]<UL><LI>Max Depth = 8<LI>Call Chain = [Anonymous Symbol]
</UL>
<BR>[Called By]<UL><LI><a href="#[4bc]">&gt;&gt;</a>&nbsp;&nbsp;&nbsp;nvds_put
<LI><a href="#[4c1]">&gt;&gt;</a>&nbsp;&nbsp;&nbsp;[Anonymous Symbol]
<LI><a href="#[4c4]">&gt;&gt;</a>&nbsp;&nbsp;&nbsp;[Anonymous Symbol]
</UL>

<P><STRONG><a name="[4c2]"></a>[Anonymous Symbol]</STRONG> (Thumb, 32 bytes, Stack size 16 bytes, nvds.o(.text))
<BR><BR>[Stack]<UL><LI>Max Depth = 200<LI>Call Chain = [Anonymous Symbol] &rArr; drv_sf_erase &rArr; drv_sf_erase_sector &rArr; OUTLINED_FUNCTION_9 &rArr; drv_sf_write_end &rArr; drv_sf_wait_sr_no_busy &rArr; drv_sf_is_busy &rArr; drv_sf_read_sr
</UL>
<BR>[Calls]<UL><LI><a href="#[4c6]">&gt;&gt;</a>&nbsp;&nbsp;&nbsp;drv_sf_erase
<LI><a href="#[4ab]">&gt;&gt;</a>&nbsp;&nbsp;&nbsp;drv_sfs_located
<LI><a href="#[4aa]">&gt;&gt;</a>&nbsp;&nbsp;&nbsp;drv_sfs_cur_obj
</UL>
<BR>[Called By]<UL><LI><a href="#[4c0]">&gt;&gt;</a>&nbsp;&nbsp;&nbsp;[Anonymous Symbol]
<LI><a href="#[4af]">&gt;&gt;</a>&nbsp;&nbsp;&nbsp;[Anonymous Symbol]
</UL>

<P><STRONG><a name="[4af]"></a>[Anonymous Symbol]</STRONG> (Thumb, 28 bytes, Stack size 16 bytes, nvds.o(.text))
<BR><BR>[Stack]<UL><LI>Max Depth = 216<LI>Call Chain = [Anonymous Symbol] &rArr; [Anonymous Symbol] &rArr; drv_sf_erase &rArr; drv_sf_erase_sector &rArr; OUTLINED_FUNCTION_9 &rArr; drv_sf_write_end &rArr; drv_sf_wait_sr_no_busy &rArr; drv_sf_is_busy &rArr; drv_sf_read_sr
</UL>
<BR>[Calls]<UL><LI><a href="#[4bf]">&gt;&gt;</a>&nbsp;&nbsp;&nbsp;[Anonymous Symbol]
<LI><a href="#[4c2]">&gt;&gt;</a>&nbsp;&nbsp;&nbsp;[Anonymous Symbol]
</UL>
<BR>[Called By]<UL><LI><a href="#[4a8]">&gt;&gt;</a>&nbsp;&nbsp;&nbsp;nvds_init
<LI><a href="#[4bc]">&gt;&gt;</a>&nbsp;&nbsp;&nbsp;nvds_put
<LI><a href="#[4bd]">&gt;&gt;</a>&nbsp;&nbsp;&nbsp;[Anonymous Symbol]
<LI><a href="#[4c0]">&gt;&gt;</a>&nbsp;&nbsp;&nbsp;[Anonymous Symbol]
</UL>

<P><STRONG><a name="[4c1]"></a>[Anonymous Symbol]</STRONG> (Thumb, 608 bytes, Stack size 80 bytes, nvds.o(.text))
<BR><BR>[Stack]<UL><LI>Max Depth = 312<LI>Call Chain = [Anonymous Symbol] &rArr; [Anonymous Symbol] &rArr; [Anonymous Symbol] &rArr; [Anonymous Symbol] &rArr; [Anonymous Symbol] &rArr; [Anonymous Symbol] &rArr; drv_sf_read
</UL>
<BR>[Calls]<UL><LI><a href="#[244]">&gt;&gt;</a>&nbsp;&nbsp;&nbsp;__aeabi_memcpy
<LI><a href="#[4b9]">&gt;&gt;</a>&nbsp;&nbsp;&nbsp;[Anonymous Symbol]
<LI><a href="#[4be]">&gt;&gt;</a>&nbsp;&nbsp;&nbsp;[Anonymous Symbol]
<LI><a href="#[4c5]">&gt;&gt;</a>&nbsp;&nbsp;&nbsp;[Anonymous Symbol]
</UL>
<BR>[Called By]<UL><LI><a href="#[4bd]">&gt;&gt;</a>&nbsp;&nbsp;&nbsp;[Anonymous Symbol]
<LI><a href="#[4c0]">&gt;&gt;</a>&nbsp;&nbsp;&nbsp;[Anonymous Symbol]
</UL>

<P><STRONG><a name="[4b9]"></a>[Anonymous Symbol]</STRONG> (Thumb, 352 bytes, Stack size 56 bytes, nvds.o(.text))
<BR><BR>[Stack]<UL><LI>Max Depth = 232<LI>Call Chain = [Anonymous Symbol] &rArr; [Anonymous Symbol] &rArr; [Anonymous Symbol] &rArr; [Anonymous Symbol] &rArr; [Anonymous Symbol] &rArr; drv_sf_read
</UL>
<BR>[Calls]<UL><LI><a href="#[4b3]">&gt;&gt;</a>&nbsp;&nbsp;&nbsp;[Anonymous Symbol]
<LI><a href="#[4b6]">&gt;&gt;</a>&nbsp;&nbsp;&nbsp;[Anonymous Symbol]
<LI><a href="#[4b7]">&gt;&gt;</a>&nbsp;&nbsp;&nbsp;[Anonymous Symbol]
</UL>
<BR>[Called By]<UL><LI><a href="#[4bc]">&gt;&gt;</a>&nbsp;&nbsp;&nbsp;nvds_put
<LI><a href="#[4b8]">&gt;&gt;</a>&nbsp;&nbsp;&nbsp;nvds_get
<LI><a href="#[4c1]">&gt;&gt;</a>&nbsp;&nbsp;&nbsp;[Anonymous Symbol]
</UL>

<P><STRONG><a name="[4ad]"></a>[Anonymous Symbol]</STRONG> (Thumb, 36 bytes, Stack size 16 bytes, nvds.o(.text))
<BR><BR>[Stack]<UL><LI>Max Depth = 80<LI>Call Chain = [Anonymous Symbol] &rArr; [Anonymous Symbol] &rArr; drv_sf_read
</UL>
<BR>[Calls]<UL><LI><a href="#[4b6]">&gt;&gt;</a>&nbsp;&nbsp;&nbsp;[Anonymous Symbol]
</UL>
<BR>[Called By]<UL><LI><a href="#[4a8]">&gt;&gt;</a>&nbsp;&nbsp;&nbsp;nvds_init
<LI><a href="#[4ae]">&gt;&gt;</a>&nbsp;&nbsp;&nbsp;[Anonymous Symbol]
</UL>

<P><STRONG><a name="[4c0]"></a>[Anonymous Symbol]</STRONG> (Thumb, 304 bytes, Stack size 96 bytes, nvds.o(.text))
<BR><BR>[Stack]<UL><LI>Max Depth = 408<LI>Call Chain = [Anonymous Symbol] &rArr; [Anonymous Symbol] &rArr; [Anonymous Symbol] &rArr; [Anonymous Symbol] &rArr; [Anonymous Symbol] &rArr; [Anonymous Symbol] &rArr; [Anonymous Symbol] &rArr; drv_sf_read
</UL>
<BR>[Calls]<UL><LI><a href="#[23a]">&gt;&gt;</a>&nbsp;&nbsp;&nbsp;__aeabi_memclr4
<LI><a href="#[35b]">&gt;&gt;</a>&nbsp;&nbsp;&nbsp;__aeabi_memclr
<LI><a href="#[4bf]">&gt;&gt;</a>&nbsp;&nbsp;&nbsp;[Anonymous Symbol]
<LI><a href="#[4c1]">&gt;&gt;</a>&nbsp;&nbsp;&nbsp;[Anonymous Symbol]
<LI><a href="#[4af]">&gt;&gt;</a>&nbsp;&nbsp;&nbsp;[Anonymous Symbol]
<LI><a href="#[4c2]">&gt;&gt;</a>&nbsp;&nbsp;&nbsp;[Anonymous Symbol]
<LI><a href="#[4b1]">&gt;&gt;</a>&nbsp;&nbsp;&nbsp;[Anonymous Symbol]
<LI><a href="#[4b0]">&gt;&gt;</a>&nbsp;&nbsp;&nbsp;[Anonymous Symbol]
<LI><a href="#[4b5]">&gt;&gt;</a>&nbsp;&nbsp;&nbsp;[Anonymous Symbol]
</UL>
<BR>[Called By]<UL><LI><a href="#[4bc]">&gt;&gt;</a>&nbsp;&nbsp;&nbsp;nvds_put
<LI><a href="#[4bd]">&gt;&gt;</a>&nbsp;&nbsp;&nbsp;[Anonymous Symbol]
</UL>

<P><STRONG><a name="[4b6]"></a>[Anonymous Symbol]</STRONG> (Thumb, 28 bytes, Stack size 24 bytes, nvds.o(.text))
<BR><BR>[Stack]<UL><LI>Max Depth = 64<LI>Call Chain = [Anonymous Symbol] &rArr; drv_sf_read
</UL>
<BR>[Calls]<UL><LI><a href="#[216]">&gt;&gt;</a>&nbsp;&nbsp;&nbsp;drv_sf_read
<LI><a href="#[4ab]">&gt;&gt;</a>&nbsp;&nbsp;&nbsp;drv_sfs_located
<LI><a href="#[4ba]">&gt;&gt;</a>&nbsp;&nbsp;&nbsp;[Anonymous Symbol]
</UL>
<BR>[Called By]<UL><LI><a href="#[4b8]">&gt;&gt;</a>&nbsp;&nbsp;&nbsp;nvds_get
<LI><a href="#[4b3]">&gt;&gt;</a>&nbsp;&nbsp;&nbsp;[Anonymous Symbol]
<LI><a href="#[4b2]">&gt;&gt;</a>&nbsp;&nbsp;&nbsp;[Anonymous Symbol]
<LI><a href="#[4ad]">&gt;&gt;</a>&nbsp;&nbsp;&nbsp;[Anonymous Symbol]
<LI><a href="#[4b9]">&gt;&gt;</a>&nbsp;&nbsp;&nbsp;[Anonymous Symbol]
<LI><a href="#[4c4]">&gt;&gt;</a>&nbsp;&nbsp;&nbsp;[Anonymous Symbol]
<LI><a href="#[4c5]">&gt;&gt;</a>&nbsp;&nbsp;&nbsp;[Anonymous Symbol]
</UL>

<P><STRONG><a name="[4bd]"></a>[Anonymous Symbol]</STRONG> (Thumb, 328 bytes, Stack size 64 bytes, nvds.o(.text))
<BR><BR>[Stack]<UL><LI>Max Depth = 472<LI>Call Chain = [Anonymous Symbol] &rArr; [Anonymous Symbol] &rArr; [Anonymous Symbol] &rArr; [Anonymous Symbol] &rArr; [Anonymous Symbol] &rArr; [Anonymous Symbol] &rArr; [Anonymous Symbol] &rArr; [Anonymous Symbol] &rArr; drv_sf_read
</UL>
<BR>[Calls]<UL><LI><a href="#[35b]">&gt;&gt;</a>&nbsp;&nbsp;&nbsp;__aeabi_memclr
<LI><a href="#[4bf]">&gt;&gt;</a>&nbsp;&nbsp;&nbsp;[Anonymous Symbol]
<LI><a href="#[4b2]">&gt;&gt;</a>&nbsp;&nbsp;&nbsp;[Anonymous Symbol]
<LI><a href="#[4c0]">&gt;&gt;</a>&nbsp;&nbsp;&nbsp;[Anonymous Symbol]
<LI><a href="#[4c1]">&gt;&gt;</a>&nbsp;&nbsp;&nbsp;[Anonymous Symbol]
<LI><a href="#[4af]">&gt;&gt;</a>&nbsp;&nbsp;&nbsp;[Anonymous Symbol]
</UL>
<BR>[Called By]<UL><LI><a href="#[4bc]">&gt;&gt;</a>&nbsp;&nbsp;&nbsp;nvds_put
</UL>

<P><STRONG><a name="[4b2]"></a>[Anonymous Symbol]</STRONG> (Thumb, 124 bytes, Stack size 32 bytes, nvds.o(.text))
<BR><BR>[Stack]<UL><LI>Max Depth = 176<LI>Call Chain = [Anonymous Symbol] &rArr; [Anonymous Symbol] &rArr; [Anonymous Symbol] &rArr; [Anonymous Symbol] &rArr; drv_sf_read
</UL>
<BR>[Calls]<UL><LI><a href="#[4b6]">&gt;&gt;</a>&nbsp;&nbsp;&nbsp;[Anonymous Symbol]
<LI><a href="#[4b7]">&gt;&gt;</a>&nbsp;&nbsp;&nbsp;[Anonymous Symbol]
<LI><a href="#[4b5]">&gt;&gt;</a>&nbsp;&nbsp;&nbsp;[Anonymous Symbol]
</UL>
<BR>[Called By]<UL><LI><a href="#[4a8]">&gt;&gt;</a>&nbsp;&nbsp;&nbsp;nvds_init
<LI><a href="#[4bc]">&gt;&gt;</a>&nbsp;&nbsp;&nbsp;nvds_put
<LI><a href="#[4bd]">&gt;&gt;</a>&nbsp;&nbsp;&nbsp;[Anonymous Symbol]
</UL>

<P><STRONG><a name="[4b3]"></a>[Anonymous Symbol]</STRONG> (Thumb, 78 bytes, Stack size 32 bytes, nvds.o(.text))
<BR><BR>[Stack]<UL><LI>Max Depth = 176<LI>Call Chain = [Anonymous Symbol] &rArr; [Anonymous Symbol] &rArr; [Anonymous Symbol] &rArr; [Anonymous Symbol] &rArr; drv_sf_read
</UL>
<BR>[Calls]<UL><LI><a href="#[4b6]">&gt;&gt;</a>&nbsp;&nbsp;&nbsp;[Anonymous Symbol]
<LI><a href="#[4b7]">&gt;&gt;</a>&nbsp;&nbsp;&nbsp;[Anonymous Symbol]
</UL>
<BR>[Called By]<UL><LI><a href="#[4b8]">&gt;&gt;</a>&nbsp;&nbsp;&nbsp;nvds_get
<LI><a href="#[4b9]">&gt;&gt;</a>&nbsp;&nbsp;&nbsp;[Anonymous Symbol]
<LI><a href="#[4b1]">&gt;&gt;</a>&nbsp;&nbsp;&nbsp;[Anonymous Symbol]
<LI><a href="#[4b0]">&gt;&gt;</a>&nbsp;&nbsp;&nbsp;[Anonymous Symbol]
</UL>

<P><STRONG><a name="[4bf]"></a>[Anonymous Symbol]</STRONG> (Thumb, 28 bytes, Stack size 24 bytes, nvds.o(.text))
<BR><BR>[Stack]<UL><LI>Max Depth = 80<LI>Call Chain = [Anonymous Symbol] &rArr; drv_sf_write &rArr; drv_sf_write_page
</UL>
<BR>[Calls]<UL><LI><a href="#[4c3]">&gt;&gt;</a>&nbsp;&nbsp;&nbsp;drv_sf_write
<LI><a href="#[4ab]">&gt;&gt;</a>&nbsp;&nbsp;&nbsp;drv_sfs_located
<LI><a href="#[4ba]">&gt;&gt;</a>&nbsp;&nbsp;&nbsp;[Anonymous Symbol]
</UL>
<BR>[Called By]<UL><LI><a href="#[4bc]">&gt;&gt;</a>&nbsp;&nbsp;&nbsp;nvds_put
<LI><a href="#[4bd]">&gt;&gt;</a>&nbsp;&nbsp;&nbsp;[Anonymous Symbol]
<LI><a href="#[4c0]">&gt;&gt;</a>&nbsp;&nbsp;&nbsp;[Anonymous Symbol]
<LI><a href="#[4af]">&gt;&gt;</a>&nbsp;&nbsp;&nbsp;[Anonymous Symbol]
</UL>

<P><STRONG><a name="[3]"></a>[Anonymous Symbol]</STRONG> (Thumb, 4 bytes, Stack size 0 bytes, obc.o(.text))
<BR><BR>[Stack]<UL><LI>Max Depth = 776<LI>Call Chain = [Anonymous Symbol] &rArr; nvds_del &rArr; nvds_put &rArr; [Anonymous Symbol] &rArr; [Anonymous Symbol] &rArr; [Anonymous Symbol] &rArr; [Anonymous Symbol] &rArr; [Anonymous Symbol] &rArr; [Anonymous Symbol] &rArr; [Anonymous Symbol] &rArr; [Anonymous Symbol] &rArr; drv_sf_read
</UL>
<BR>[Calls]<UL><LI><a href="#[4bb]">&gt;&gt;</a>&nbsp;&nbsp;&nbsp;nvds_del
</UL>
<BR>[Address Reference Count : 1]<UL><LI> obc.o(.data)
</UL>
<P><STRONG><a name="[1]"></a>[Anonymous Symbol]</STRONG> (Thumb, 42 bytes, Stack size 16 bytes, obc.o(.text))
<BR><BR>[Stack]<UL><LI>Max Depth = 296<LI>Call Chain = [Anonymous Symbol] &rArr; nvds_get &rArr; [Anonymous Symbol] &rArr; [Anonymous Symbol] &rArr; [Anonymous Symbol] &rArr; [Anonymous Symbol] &rArr; [Anonymous Symbol] &rArr; drv_sf_read
</UL>
<BR>[Calls]<UL><LI><a href="#[4b8]">&gt;&gt;</a>&nbsp;&nbsp;&nbsp;nvds_get
</UL>
<BR>[Address Reference Count : 1]<UL><LI> obc.o(.data)
</UL>
<P><STRONG><a name="[2]"></a>[Anonymous Symbol]</STRONG> (Thumb, 4 bytes, Stack size 0 bytes, obc.o(.text))
<BR><BR>[Stack]<UL><LI>Max Depth = 776<LI>Call Chain = [Anonymous Symbol] &rArr; nvds_put &rArr; [Anonymous Symbol] &rArr; [Anonymous Symbol] &rArr; [Anonymous Symbol] &rArr; [Anonymous Symbol] &rArr; [Anonymous Symbol] &rArr; [Anonymous Symbol] &rArr; [Anonymous Symbol] &rArr; [Anonymous Symbol] &rArr; drv_sf_read
</UL>
<BR>[Calls]<UL><LI><a href="#[4bc]">&gt;&gt;</a>&nbsp;&nbsp;&nbsp;nvds_put
</UL>
<BR>[Address Reference Count : 1]<UL><LI> obc.o(.data)
</UL>
<P><STRONG><a name="[75]"></a>[Anonymous Symbol]</STRONG> (Thumb, 12 bytes, Stack size 0 bytes, obc_co_task.o(.text))
<BR>[Address Reference Count : 1]<UL><LI> obc_co_task.o(.text)
</UL>
<P><STRONG><a name="[74]"></a>[Anonymous Symbol]</STRONG> (Thumb, 228 bytes, Stack size 24 bytes, obc_co_task.o(.text))
<BR><BR>[Stack]<UL><LI>Max Depth = 44<LI>Call Chain = [Anonymous Symbol] &rArr; obc_co_msg_free &rArr; cs_ble_mem_free
</UL>
<BR>[Calls]<UL><LI><a href="#[264]">&gt;&gt;</a>&nbsp;&nbsp;&nbsp;obc_co_list_push_back
<LI><a href="#[1ec]">&gt;&gt;</a>&nbsp;&nbsp;&nbsp;obc_co_list_pop_front
<LI><a href="#[32d]">&gt;&gt;</a>&nbsp;&nbsp;&nbsp;ob_evt_clear
<LI><a href="#[3cc]">&gt;&gt;</a>&nbsp;&nbsp;&nbsp;obc_co_msg_free
<LI><a href="#[4d8]">&gt;&gt;</a>&nbsp;&nbsp;&nbsp;cs_ble_mem_is_freed
</UL>
<BR>[Address Reference Count : 1]<UL><LI> obc_co_task.o(.text)
</UL>
<P><STRONG><a name="[78]"></a>[Anonymous Symbol]</STRONG> (Thumb, 12 bytes, Stack size 0 bytes, obc_co_timer.o(.text))
<BR>[Address Reference Count : 1]<UL><LI> obc_co_timer.o(.text)
</UL>
<P><STRONG><a name="[77]"></a>[Anonymous Symbol]</STRONG> (Thumb, 26 bytes, Stack size 0 bytes, obc_co_timer.o(.text))
<BR>[Address Reference Count : 2]<UL><LI> obc_co_timer.o(.text)
<LI> obc_co_timer.o(.text)
</UL>
<P><STRONG><a name="[4dc]"></a>[Anonymous Symbol]</STRONG> (Thumb, 8 bytes, Stack size 0 bytes, obc_co_timer.o(.text))
<BR><BR>[Calls]<UL><LI><a href="#[1ec]">&gt;&gt;</a>&nbsp;&nbsp;&nbsp;obc_co_list_pop_front
</UL>
<BR>[Called By]<UL><LI><a href="#[3fa]">&gt;&gt;</a>&nbsp;&nbsp;&nbsp;obc_co_timer_clear
<LI><a href="#[76]">&gt;&gt;</a>&nbsp;&nbsp;&nbsp;[Anonymous Symbol]
</UL>

<P><STRONG><a name="[4da]"></a>[Anonymous Symbol]</STRONG> (Thumb, 22 bytes, Stack size 8 bytes, obc_co_timer.o(.text))
<BR><BR>[Stack]<UL><LI>Max Depth = 16<LI>Call Chain = [Anonymous Symbol] &rArr; obc_co_time
</UL>
<BR>[Calls]<UL><LI><a href="#[4dd]">&gt;&gt;</a>&nbsp;&nbsp;&nbsp;obc_co_time
</UL>
<BR>[Called By]<UL><LI><a href="#[3f9]">&gt;&gt;</a>&nbsp;&nbsp;&nbsp;obc_co_timer_set
<LI><a href="#[3fa]">&gt;&gt;</a>&nbsp;&nbsp;&nbsp;obc_co_timer_clear
<LI><a href="#[76]">&gt;&gt;</a>&nbsp;&nbsp;&nbsp;[Anonymous Symbol]
</UL>

<P><STRONG><a name="[76]"></a>[Anonymous Symbol]</STRONG> (Thumb, 104 bytes, Stack size 16 bytes, obc_co_timer.o(.text))
<BR><BR>[Stack]<UL><LI>Max Depth = 80<LI>Call Chain = [Anonymous Symbol] &rArr; obc_co_msg_send_basic &rArr; obc_co_msg_alloc &rArr; cs_ble_mem_malloc
</UL>
<BR>[Calls]<UL><LI><a href="#[256]">&gt;&gt;</a>&nbsp;&nbsp;&nbsp;obc_co_msg_send_basic
<LI><a href="#[32d]">&gt;&gt;</a>&nbsp;&nbsp;&nbsp;ob_evt_clear
<LI><a href="#[228]">&gt;&gt;</a>&nbsp;&nbsp;&nbsp;cs_ble_mem_free
<LI><a href="#[4db]">&gt;&gt;</a>&nbsp;&nbsp;&nbsp;obc_timer_cotimer_set
<LI><a href="#[4da]">&gt;&gt;</a>&nbsp;&nbsp;&nbsp;[Anonymous Symbol]
<LI><a href="#[4dc]">&gt;&gt;</a>&nbsp;&nbsp;&nbsp;[Anonymous Symbol]
</UL>
<BR>[Address Reference Count : 1]<UL><LI> obc_co_timer.o(.text)
</UL>
<P><STRONG><a name="[4e0]"></a>[Anonymous Symbol]</STRONG> (Thumb, 52 bytes, Stack size 8 bytes, obc_co_timer2.o(.text))
<BR><BR>[Stack]<UL><LI>Max Depth = 8<LI>Call Chain = [Anonymous Symbol]
</UL>
<BR>[Calls]<UL><LI><a href="#[1f8]">&gt;&gt;</a>&nbsp;&nbsp;&nbsp;obc_time_32k_get
<LI><a href="#[4e1]">&gt;&gt;</a>&nbsp;&nbsp;&nbsp;obc_timer_cotimer2_set
</UL>
<BR>[Called By]<UL><LI><a href="#[4df]">&gt;&gt;</a>&nbsp;&nbsp;&nbsp;obc_co_timer2_isr
</UL>

<P><STRONG><a name="[4e3]"></a>[Anonymous Symbol]</STRONG> (Thumb, 12 bytes, Stack size 0 bytes, obc_co_utils.o(.text))
<BR><BR>[Called By]<UL><LI><a href="#[3e8]">&gt;&gt;</a>&nbsp;&nbsp;&nbsp;obc_co_util_unpack
<LI><a href="#[3dd]">&gt;&gt;</a>&nbsp;&nbsp;&nbsp;obc_co_util_pack
</UL>

<P><STRONG><a name="[4e4]"></a>[Anonymous Symbol]</STRONG> (Thumb, 16 bytes, Stack size 0 bytes, obc_co_utils.o(.text))
<BR><BR>[Called By]<UL><LI><a href="#[3e8]">&gt;&gt;</a>&nbsp;&nbsp;&nbsp;obc_co_util_unpack
<LI><a href="#[3dd]">&gt;&gt;</a>&nbsp;&nbsp;&nbsp;obc_co_util_pack
</UL>

<P><STRONG><a name="[4e2]"></a>[Anonymous Symbol]</STRONG> (Thumb, 46 bytes, Stack size 0 bytes, obc_co_utils.o(.text))
<BR><BR>[Called By]<UL><LI><a href="#[3e8]">&gt;&gt;</a>&nbsp;&nbsp;&nbsp;obc_co_util_unpack
<LI><a href="#[3dd]">&gt;&gt;</a>&nbsp;&nbsp;&nbsp;obc_co_util_pack
</UL>

<P><STRONG><a name="[4e9]"></a>[Anonymous Symbol]</STRONG> (Thumb, 64 bytes, Stack size 16 bytes, obc_hci_h4.o(.text))
<BR><BR>[Stack]<UL><LI>Max Depth = 144<LI>Call Chain = [Anonymous Symbol] &rArr; hci_send_2_host &rArr; hci_tl_send &rArr; [Anonymous Symbol] &rArr; obc_co_util_pack &rArr; __aeabi_memmove
</UL>
<BR>[Calls]<UL><LI><a href="#[226]">&gt;&gt;</a>&nbsp;&nbsp;&nbsp;obc_co_msg_alloc
<LI><a href="#[3ca]">&gt;&gt;</a>&nbsp;&nbsp;&nbsp;hci_send_2_host
<LI><a href="#[1fa]">&gt;&gt;</a>&nbsp;&nbsp;&nbsp;obc_prevent_sleep_clear
</UL>
<BR>[Called By]<UL><LI><a href="#[331]">&gt;&gt;</a>&nbsp;&nbsp;&nbsp;obc_hci_h4_receive_handler
</UL>

<P><STRONG><a name="[4ea]"></a>[Anonymous Symbol]</STRONG> (Thumb, 20 bytes, Stack size 0 bytes, obc_hci_h4.o(.text))
<BR><BR>[Calls]<UL><LI><a href="#[1fa]">&gt;&gt;</a>&nbsp;&nbsp;&nbsp;obc_prevent_sleep_clear
</UL>
<BR>[Called By]<UL><LI><a href="#[331]">&gt;&gt;</a>&nbsp;&nbsp;&nbsp;obc_hci_h4_receive_handler
</UL>

<P><STRONG><a name="[4ec]"></a>[Anonymous Symbol]</STRONG> (Thumb, 588 bytes, Stack size 56 bytes, obc_llt_params_future.o(.text))
<BR><BR>[Stack]<UL><LI>Max Depth = 56<LI>Call Chain = [Anonymous Symbol]
</UL>
<BR>[Calls]<UL><LI><a href="#[1f8]">&gt;&gt;</a>&nbsp;&nbsp;&nbsp;obc_time_32k_get
</UL>
<BR>[Called By]<UL><LI><a href="#[42b]">&gt;&gt;</a>&nbsp;&nbsp;&nbsp;obc_llt_params_future_set
<LI><a href="#[42c]">&gt;&gt;</a>&nbsp;&nbsp;&nbsp;obc_llt_params_future_req
<LI><a href="#[42e]">&gt;&gt;</a>&nbsp;&nbsp;&nbsp;obc_llt_params_future_check
</UL>

<P><STRONG><a name="[7c]"></a>[Anonymous Symbol]</STRONG> (Thumb, 2 bytes, Stack size 0 bytes, obc_rf_asic.o(.text))
<BR>[Address Reference Count : 1]<UL><LI> obc_rf_asic.o(.text)
</UL>
<P><STRONG><a name="[7d]"></a>[Anonymous Symbol]</STRONG> (Thumb, 2 bytes, Stack size 0 bytes, obc_rf_asic.o(.text))
<BR>[Address Reference Count : 1]<UL><LI> obc_rf_asic.o(.text)
</UL>
<P><STRONG><a name="[7b]"></a>[Anonymous Symbol]</STRONG> (Thumb, 36 bytes, Stack size 0 bytes, obc_rf_asic.o(.text))
<BR>[Address Reference Count : 1]<UL><LI> obc_rf_asic.o(.text)
</UL>
<P><STRONG><a name="[7a]"></a>[Anonymous Symbol]</STRONG> (Thumb, 2 bytes, Stack size 0 bytes, obc_rf_asic.o(.text))
<BR>[Address Reference Count : 1]<UL><LI> obc_rf_asic.o(.text)
</UL>
<P><STRONG><a name="[7e]"></a>[Anonymous Symbol]</STRONG> (Thumb, 68 bytes, Stack size 8 bytes, obc_rf_asic.o(.text))
<BR><BR>[Stack]<UL><LI>Max Depth = 8<LI>Call Chain = [Anonymous Symbol]
</UL>
<BR>[Address Reference Count : 1]<UL><LI> obc_rf_asic.o(.text)
</UL>
<P><STRONG><a name="[79]"></a>[Anonymous Symbol]</STRONG> (Thumb, 24 bytes, Stack size 0 bytes, obc_rf_asic.o(.text))
<BR>[Address Reference Count : 1]<UL><LI> obc_rf_asic.o(.text)
</UL>
<P><STRONG><a name="[4ef]"></a>[Anonymous Symbol]</STRONG> (Thumb, 104 bytes, Stack size 16 bytes, obc_trc_io.o(.text))
<BR><BR>[Stack]<UL><LI>Max Depth = 16<LI>Call Chain = [Anonymous Symbol]
</UL>
<BR>[Called By]<UL><LI><a href="#[349]">&gt;&gt;</a>&nbsp;&nbsp;&nbsp;obc_trc_io_reset
</UL>
<P>
<H3>
Undefined Global Symbols
</H3><HR></body></html>
