<html>
<body>
<pre>
<h1>µVision Build Log</h1>
<h2>Tool Versions:</h2>
IDE-Version: ¦ÌVision V5.42.0.0
Copyright (C) 2025 ARM Ltd and ARM Germany GmbH. All rights reserved.
License Information: shu dongsheng, kepler, LIC=AK1BF-6QGB4-8YEVV-PD252-H6EJQ-FYQ09
 
Tool Versions:
Toolchain:       MDK-ARM Professional  Version: 5.42.0.0
Toolchain Path:  D:\Keil\Keil_v5\ARM\ARMCLANG\Bin
C Compiler:      ArmClang.exe V6.23
Assembler:       Armasm.exe V6.23
Linker/Locator:  ArmLink.exe V6.23
Library Manager: ArmAr.exe V6.23
Hex Converter:   FromElf.exe V6.23
CPU DLL:         SARMCM3.DLL V5.42.0.0
Dialog DLL:      DCM.DLL V1.17.5.0
Target DLL:      Segger\JL2CM3.dll V2.99.45.0
Dialog DLL:      TCM.DLL V1.56.6.0
 
<h2>Project:</h2>
C:\Users\sds\Desktop\sw\projects\project\keil\project.uvprojx
Project File Date:  07/31/2025

<h2>Output:</h2>
*** Using Compiler 'V6.23', folder: 'D:\Keil\Keil_v5\ARM\ARMCLANG\Bin'
Build target 'project'
compiling shell_port.c...
compiling board_cst92f41_evb.c...
compiling app_sec.c...
compiling evt.c...
compiling evt_timer.c...
compiling main.c...
compiling trc_io.c...
compiling app_adv.c...
compiling evt_task.c...
compiling mbr.c...
compiling chipsea_dfu.c...
compiling chipsea_dfu_nvds.c...
compiling service_common.c...
compiling service_chipsea_dfu.c...
compiling drv_isr.c...
compiling app_hid_media.c...
compiling pm.c...
compiling drv_usart_ex.c...
compiling drv_cortex.c...
compiling drv_wdt.c...
compiling drv_usart.c...
compiling drv_pmu_timer.c...
compiling drv_aes_hw.c...
compiling drv_efuse.c...
compiling drv_sf_sys.c...
compiling drv_gpio.c...
compiling drv_dma.c...
compiling drv_24g.c...
compiling drv_sf.c...
compiling drv_rtc.c...
compiling drv_radio.c...
compiling drv_i2c.c...
compiling drv_pinmux.c...
compiling drv_rng.c...
compiling drv_spi.c...
compiling drv_lp_tim.c...
compiling drv_rcc.c...
compiling drv_calib_repair.c...
compiling drv_tim.c...
compiling drv_calib.c...
compiling drv_pmu.c...
compiling system.c...
compiling drv_adc.c...
compiling cs_ble_mem_heap.c...
compiling croutine.c...
compiling list.c...
compiling event_groups.c...
compiling stream_buffer.c...
compiling queue.c...
compiling heap_5.c...
compiling timers.c...
compiling mpu_wrappers.c...
compiling os_systick.c...
compiling freertos_evr.c...
compiling cmsis_os1.c...
compiling tasks.c...
compiling adapter.c...
compiling port.c...
compiling cmsis_os2.c...
compiling uECC.c...
linking...
Program Size: Code=140170 RO-data=8478 RW-data=8752 ZI-data=13188  
FromELF: creating hex file...
After Build - User command #1: fromelf.exe --bin --output "C:\Users\sds\Desktop\sw\projects\project\keil\Objects\..\bin\ble_app_simple_cmsisos2_freertos.bin" "C:\Users\sds\Desktop\sw\projects\project\keil\Objects\ble_app_simple_cmsisos2_freertos.axf"
After Build - User command #2: fromelf.exe --i32combined  --output "C:\Users\sds\Desktop\sw\projects\project\keil\Objects\..\bin\ble_app_simple_cmsisos2_freertos.hex" "C:\Users\sds\Desktop\sw\projects\project\keil\Objects\ble_app_simple_cmsisos2_freertos.axf"
".\Objects\ble_app_simple_cmsisos2_freertos.axf" - 0 Error(s), 0 Warning(s).

<h2>Software Packages used:</h2>

Package Vendor: Chipsea
                http://www.keil.com/pack/Chipsea.CST92Fxx_DFP.1.0.1.pack
                Chipsea::CST92Fxx_DFP@1.0.1
                Chipsea Technologies(ShenZhen) CST92Fxx Series Bluetooth Device Support

<h2>Collection of Component include folders:</h2>

<h2>Collection of Component Files used:</h2>
Build Time Elapsed:  00:00:05
</pre>
</body>
</html>
